Archive member included to satisfy reference by file (symbol)

C:/Users/pc/AppData/Local/stm32cube/bundles/gnu-tools-for-stm32/14.3.1+st.2/bin/../lib/gcc/arm-none-eabi/14.3.1/thumb/v7e-m+fp/hard\libgcc.a(_arm_muldf3.o)
                              CMakeFiles/chengkongfangdaqi.dir/Core/Src/lcd.c.obj (__aeabi_dmul)
C:/Users/pc/AppData/Local/stm32cube/bundles/gnu-tools-for-stm32/14.3.1+st.2/bin/../lib/gcc/arm-none-eabi/14.3.1/thumb/v7e-m+fp/hard\libgcc.a(_arm_addsubdf3.o)
                              CMakeFiles/chengkongfangdaqi.dir/Core/Src/lcd.c.obj (__aeabi_i2d)
C:/Users/pc/AppData/Local/stm32cube/bundles/gnu-tools-for-stm32/14.3.1+st.2/bin/../lib/gcc/arm-none-eabi/14.3.1/thumb/v7e-m+fp/hard\libgcc.a(_arm_fixunsdfsi.o)
                              CMakeFiles/chengkongfangdaqi.dir/Core/Src/lcd.c.obj (__aeabi_d2uiz)
C:/Users/pc/AppData/Local/stm32cube/bundles/gnu-tools-for-stm32/14.3.1+st.2/bin/../lib/gcc/arm-none-eabi/14.3.1/thumb/v7e-m+fp/hard\libgcc.a(_aeabi_uldivmod.o)
                              cmake/stm32cubemx/CMakeFiles/STM32_Drivers.dir/__/__/Drivers/STM32F4xx_HAL_Driver/Src/stm32f4xx_hal_rcc.c.obj (__aeabi_uldivmod)
C:/Users/pc/AppData/Local/stm32cube/bundles/gnu-tools-for-stm32/14.3.1+st.2/bin/../lib/gcc/arm-none-eabi/14.3.1/thumb/v7e-m+fp/hard\libgcc.a(_udivmoddi4.o)
                              C:/Users/pc/AppData/Local/stm32cube/bundles/gnu-tools-for-stm32/14.3.1+st.2/bin/../lib/gcc/arm-none-eabi/14.3.1/thumb/v7e-m+fp/hard\libgcc.a(_aeabi_uldivmod.o) (__udivmoddi4)
C:/Users/pc/AppData/Local/stm32cube/bundles/gnu-tools-for-stm32/14.3.1+st.2/bin/../lib/gcc/arm-none-eabi/14.3.1/thumb/v7e-m+fp/hard\libgcc.a(_dvmd_tls.o)
                              C:/Users/pc/AppData/Local/stm32cube/bundles/gnu-tools-for-stm32/14.3.1+st.2/bin/../lib/gcc/arm-none-eabi/14.3.1/thumb/v7e-m+fp/hard\libgcc.a(_aeabi_uldivmod.o) (__aeabi_ldiv0)
C:/Users/pc/AppData/Local/stm32cube/bundles/gnu-tools-for-stm32/14.3.1+st.2/bin/../lib/gcc/arm-none-eabi/14.3.1/../../../../arm-none-eabi/lib/thumb/v7e-m+fp/hard\libg_nano.a(libc_a-exit.o)
                              C:/Users/pc/AppData/Local/stm32cube/bundles/gnu-tools-for-stm32/14.3.1+st.2/bin/../lib/gcc/arm-none-eabi/14.3.1/../../../../arm-none-eabi/lib/thumb/v7e-m+fp/hard/crt0.o (exit)
C:/Users/pc/AppData/Local/stm32cube/bundles/gnu-tools-for-stm32/14.3.1+st.2/bin/../lib/gcc/arm-none-eabi/14.3.1/../../../../arm-none-eabi/lib/thumb/v7e-m+fp/hard\libg_nano.a(libc_a-findfp.o)
                              C:/Users/pc/AppData/Local/stm32cube/bundles/gnu-tools-for-stm32/14.3.1+st.2/bin/../lib/gcc/arm-none-eabi/14.3.1/../../../../arm-none-eabi/lib/thumb/v7e-m+fp/hard\libg_nano.a(libc_a-exit.o) (__stdio_exit_handler)
C:/Users/pc/AppData/Local/stm32cube/bundles/gnu-tools-for-stm32/14.3.1+st.2/bin/../lib/gcc/arm-none-eabi/14.3.1/../../../../arm-none-eabi/lib/thumb/v7e-m+fp/hard\libg_nano.a(libc_a-fwalk.o)
                              C:/Users/pc/AppData/Local/stm32cube/bundles/gnu-tools-for-stm32/14.3.1+st.2/bin/../lib/gcc/arm-none-eabi/14.3.1/../../../../arm-none-eabi/lib/thumb/v7e-m+fp/hard\libg_nano.a(libc_a-findfp.o) (_fwalk_sglue)
C:/Users/pc/AppData/Local/stm32cube/bundles/gnu-tools-for-stm32/14.3.1+st.2/bin/../lib/gcc/arm-none-eabi/14.3.1/../../../../arm-none-eabi/lib/thumb/v7e-m+fp/hard\libg_nano.a(libc_a-printf.o)
                              CMakeFiles/chengkongfangdaqi.dir/Core/Src/lcd.c.obj (printf)
C:/Users/pc/AppData/Local/stm32cube/bundles/gnu-tools-for-stm32/14.3.1+st.2/bin/../lib/gcc/arm-none-eabi/14.3.1/../../../../arm-none-eabi/lib/thumb/v7e-m+fp/hard\libg_nano.a(libc_a-stdio.o)
                              C:/Users/pc/AppData/Local/stm32cube/bundles/gnu-tools-for-stm32/14.3.1+st.2/bin/../lib/gcc/arm-none-eabi/14.3.1/../../../../arm-none-eabi/lib/thumb/v7e-m+fp/hard\libg_nano.a(libc_a-findfp.o) (__sread)
C:/Users/pc/AppData/Local/stm32cube/bundles/gnu-tools-for-stm32/14.3.1+st.2/bin/../lib/gcc/arm-none-eabi/14.3.1/../../../../arm-none-eabi/lib/thumb/v7e-m+fp/hard\libg_nano.a(libc_a-memset.o)
                              C:/Users/pc/AppData/Local/stm32cube/bundles/gnu-tools-for-stm32/14.3.1+st.2/bin/../lib/gcc/arm-none-eabi/14.3.1/../../../../arm-none-eabi/lib/thumb/v7e-m+fp/hard/crt0.o (memset)
C:/Users/pc/AppData/Local/stm32cube/bundles/gnu-tools-for-stm32/14.3.1+st.2/bin/../lib/gcc/arm-none-eabi/14.3.1/../../../../arm-none-eabi/lib/thumb/v7e-m+fp/hard\libg_nano.a(libc_a-closer.o)
                              C:/Users/pc/AppData/Local/stm32cube/bundles/gnu-tools-for-stm32/14.3.1+st.2/bin/../lib/gcc/arm-none-eabi/14.3.1/../../../../arm-none-eabi/lib/thumb/v7e-m+fp/hard\libg_nano.a(libc_a-stdio.o) (_close_r)
C:/Users/pc/AppData/Local/stm32cube/bundles/gnu-tools-for-stm32/14.3.1+st.2/bin/../lib/gcc/arm-none-eabi/14.3.1/../../../../arm-none-eabi/lib/thumb/v7e-m+fp/hard\libg_nano.a(libc_a-reent.o)
[...]
Memory Configuration

Name             Origin             Length             Attributes
RAM              0x20000000         0x00020000         xrw
CCMRAM           0x10000000         0x00010000         xrw
FLASH            0x08000000         0x00100000         xr
*default*        0x00000000         0xffffffff

Linker script and memory map

LOAD C:/Users/pc/AppData/Local/stm32cube/bundles/gnu-tools-for-stm32/14.3.1+st.2/bin/../lib/gcc/arm-none-eabi/14.3.1/thumb/v7e-m+fp/hard/crti.o
LOAD C:/Users/pc/AppData/Local/stm32cube/bundles/gnu-tools-for-stm32/14.3.1+st.2/bin/../lib/gcc/arm-none-eabi/14.3.1/thumb/v7e-m+fp/hard/crtbegin.o
LOAD C:/Users/pc/AppData/Local/stm32cube/bundles/gnu-tools-for-stm32/14.3.1+st.2/bin/../lib/gcc/arm-none-eabi/14.3.1/../../../../arm-none-eabi/lib/thumb/v7e-m+fp/hard/crt0.o
LOAD cmake/stm32cubemx/CMakeFiles/STM32_Drivers.dir/__/__/Core/Src/system_stm32f4xx.c.obj
LOAD cmake/stm32cubemx/CMakeFiles/STM32_Drivers.dir/__/__/Drivers/STM32F4xx_HAL_Driver/Src/stm32f4xx_hal_dac.c.obj
LOAD cmake/stm32cubemx/CMakeFiles/STM32_Drivers.dir/__/__/Drivers/STM32F4xx_HAL_Driver/Src/stm32f4xx_hal_dac_ex.c.obj
LOAD cmake/stm32cubemx/CMakeFiles/STM32_Drivers.dir/__/__/Drivers/STM32F4xx_HAL_Driver/Src/stm32f4xx_hal_rcc.c.obj
LOAD cmake/stm32cubemx/CMakeFiles/STM32_Drivers.dir/__/__/Drivers/STM32F4xx_HAL_Driver/Src/stm32f4xx_hal_rcc_ex.c.obj
LOAD cmake/stm32cubemx/CMakeFiles/STM32_Drivers.dir/__/__/Drivers/STM32F4xx_HAL_Driver/Src/stm32f4xx_hal_flash.c.obj
LOAD cmake/stm32cubemx/CMakeFiles/STM32_Drivers.dir/__/__/Drivers/STM32F4xx_HAL_Driver/Src/stm32f4xx_hal_flash_ex.c.obj
LOAD cmake/stm32cubemx/CMakeFiles/STM32_Drivers.dir/__/__/Drivers/STM32F4xx_HAL_Driver/Src/stm32f4xx_hal_flash_ramfunc.c.obj
LOAD cmake/stm32cubemx/CMakeFiles/STM32_Drivers.dir/__/__/Drivers/STM32F4xx_HAL_Driver/Src/stm32f4xx_hal_gpio.c.obj
LOAD cmake/stm32cubemx/CMakeFiles/STM32_Drivers.dir/__/__/Drivers/STM32F4xx_HAL_Driver/Src/stm32f4xx_hal_dma_ex.c.obj
LOAD cmake/stm32cubemx/CMakeFiles/STM32_Drivers.dir/__/__/Drivers/STM32F4xx_HAL_Driver/Src/stm32f4xx_hal_dma.c.obj
LOAD cmake/stm32cubemx/CMakeFiles/STM32_Drivers.dir/__/__/Drivers/STM32F4xx_HAL_Driver/Src/stm32f4xx_hal_pwr.c.obj
LOAD cmake/stm32cubemx/CMakeFiles/STM32_Drivers.dir/__/__/Drivers/STM32F4xx_HAL_Driver/Src/stm32f4xx_hal_pwr_ex.c.obj
LOAD cmake/stm32cubemx/CMakeFiles/STM32_Drivers.dir/__/__/Drivers/STM32F4xx_HAL_Driver/Src/stm32f4xx_hal_cortex.c.obj
LOAD cmake/stm32cubemx/CMakeFiles/STM32_Drivers.dir/__/__/Drivers/STM32F4xx_HAL_Driver/Src/stm32f4xx_hal.c.obj
LOAD cmake/stm32cubemx/CMakeFiles/STM32_Drivers.dir/__/__/Drivers/STM32F4xx_HAL_Driver/Src/stm32f4xx_hal_exti.c.obj
LOAD cmake/stm32cubemx/CMakeFiles/STM32_Drivers.dir/__/__/Drivers/STM32F4xx_HAL_Driver/Src/stm32f4xx_ll_fsmc.c.obj
LOAD cmake/stm32cubemx/CMakeFiles/STM32_Drivers.dir/__/__/Drivers/STM32F4xx_HAL_Driver/Src/stm32f4xx_hal_nor.c.obj
LOAD cmake/stm32cubemx/CMakeFiles/STM32_Drivers.dir/__/__/Drivers/STM32F4xx_HAL_Driver/Src/stm32f4xx_hal_sram.c.obj
LOAD cmake/stm32cubemx/CMakeFiles/STM32_Drivers.dir/__/__/Drivers/STM32F4xx_HAL_Driver/Src/stm32f4xx_hal_nand.c.obj
LOAD cmake/stm32cubemx/CMakeFiles/STM32_Drivers.dir/__/__/Drivers/STM32F4xx_HAL_Driver/Src/stm32f4xx_hal_pccard.c.obj
LOAD CMakeFiles/chengkongfangdaqi.dir/Core/Src/main.c.obj
LOAD CMakeFiles/chengkongfangdaqi.dir/Core/Src/gpio.c.obj
LOAD CMakeFiles/chengkongfangdaqi.dir/Core/Src/dac.c.obj
LOAD CMakeFiles/chengkongfangdaqi.dir/Core/Src/fsmc.c.obj
LOAD CMakeFiles/chengkongfangdaqi.dir/Core/Src/stm32f4xx_it.c.obj
LOAD CMakeFiles/chengkongfangdaqi.dir/Core/Src/stm32f4xx_hal_msp.c.obj
LOAD CMakeFiles/chengkongfangdaqi.dir/Core/Src/sysmem.c.obj
LOAD CMakeFiles/chengkongfangdaqi.dir/Core/Src/syscalls.c.obj
LOAD CMakeFiles/chengkongfangdaqi.dir/startup_stm32f407xx.s.obj
LOAD CMakeFiles/chengkongfangdaqi.dir/Core/Src/lcd.c.obj
LOAD CMakeFiles/chengkongfangdaqi.dir/Core/Src/ad9954.c.obj
LOAD CMakeFiles/chengkongfangdaqi.dir/Core/Src/touch.c.obj
LOAD C:/Users/pc/AppData/Local/stm32cube/bundles/gnu-tools-for-stm32/14.3.1+st.2/bin/../lib/gcc/arm-none-eabi/14.3.1/../../../../arm-none-eabi/lib/thumb/v7e-m+fp/hard\libm.a
START GROUP
LOAD C:/Users/pc/AppData/Local/stm32cube/bundles/gnu-tools-for-stm32/14.3.1+st.2/bin/../lib/gcc/arm-none-eabi/14.3.1/thumb/v7e-m+fp/hard\libgcc.a
LOAD C:/Users/pc/AppData/Local/stm32cube/bundles/gnu-tools-for-stm32/14.3.1+st.2/bin/../lib/gcc/arm-none-eabi/14.3.1/../../../../arm-none-eabi/lib/thumb/v7e-m+fp/hard\libg_nano.a
LOAD C:/Users/pc/AppData/Local/stm32cube/bundles/gnu-tools-for-stm32/14.3.1+st.2/bin/../lib/gcc/arm-none-eabi/14.3.1/../../../../arm-none-eabi/lib/thumb/v7e-m+fp/hard\libc_nano.a
END GROUP
START GROUP
LOAD C:/Users/pc/AppData/Local/stm32cube/bundles/gnu-tools-for-stm32/14.3.1+st.2/bin/../lib/gcc/arm-none-eabi/14.3.1/thumb/v7e-m+fp/hard\libgcc.a
LOAD C:/Users/pc/AppData/Local/stm32cube/bundles/gnu-tools-for-stm32/14.3.1+st.2/bin/../lib/gcc/arm-none-eabi/14.3.1/../../../../arm-none-eabi/lib/thumb/v7e-m+fp/hard\libc_nano.a
END GROUP
LOAD C:/Users/pc/AppData/Local/stm32cube/bundles/gnu-tools-for-stm32/14.3.1+st.2/bin/../lib/gcc/arm-none-eabi/14.3.1/thumb/v7e-m+fp/hard/crtend.o
LOAD C:/Users/pc/AppData/Local/stm32cube/bundles/gnu-tools-for-stm32/14.3.1+st.2/bin/../lib/gcc/arm-none-eabi/14.3.1/thumb/v7e-m+fp/hard/crtn.o
                0x20020000                        _estack = (ORIGIN (RAM) + LENGTH (RAM))
                0x2001fc00                        _sstack = (_estack - _Min_Stack_Size)
                0x00000200                        _Min_Heap_Size = 0x200
                0x00000400                        _Min_Stack_Size = 0x400

.isr_vector     0x08000000      0x188
                0x08000000                        . = ALIGN (0x4)
 *(.isr_vector)
 .isr_vector    0x08000000      0x188 CMakeFiles/chengkongfangdaqi.dir/startup_stm32f407xx.s.obj
                0x08000000                g_pfnVectors
                0x08000188                        . = ALIGN (0x4)

.text           0x08000190     0x80d4
                0x08000190                        . = ALIGN (0x4)
 *(.text)
 .text          0x08000190       0x40 C:/Users/pc/AppData/Local/stm32cube/bundles/gnu-tools-for-stm32/14.3.1+st.2/bin/../lib/gcc/arm-none-eabi/14.3.1/thumb/v7e-m+fp/hard/crtbegin.o
 .text          0x080001d0      0x254 C:/Users/pc/AppData/Local/stm32cube/bundles/gnu-tools-for-stm32/14.3.1+st.2/bin/../lib/gcc/arm-none-eabi/14.3.1/thumb/v7e-m+fp/hard\libgcc.a(_arm_muldf3.o)
                0x080001d0                __muldf3
                0x080001d0                __aeabi_dmul
 .text          0x08000424      0x378 C:/Users/pc/AppData/Local/stm32cube/bundles/gnu-tools-for-stm32/14.3.1+st.2/bin/../lib/gcc/arm-none-eabi/14.3.1/thumb/v7e-m+fp/hard\libgcc.a(_arm_addsubdf3.o)
                0x08000424                __aeabi_drsub
                0x0800042c                __aeabi_dsub
                0x0800042c                __subdf3
                0x08000430                __aeabi_dadd
                0x08000430                __adddf3
                0x080006a8                __floatunsidf
                0x080006a8                __aeabi_ui2d
                0x080006c8                __floatsidf
                0x080006c8                __aeabi_i2d
                0x080006ec                __aeabi_f2d
                0x080006ec                __extendsfdf2
                0x08000730                __floatundidf
                0x08000730                __aeabi_ul2d
                0x08000740                __floatdidf
                0x08000740                __aeabi_l2d
 .text          0x0800079c       0x40 C:/Users/pc/AppData/Local/stm32cube/bundles/gnu-tools-for-stm32/14.3.1+st.2/bin/../lib/gcc/arm-none-eabi/14.3.1/thumb/v7e-m+fp/hard\libgcc.a(_arm_fixunsdfsi.o)
                0x0800079c                __aeabi_d2uiz
                0x0800079c                __fixunsdfsi
 .text          0x080007dc       0x30 C:/Users/pc/AppData/Local/stm32cube/bundles/gnu-tools-for-stm32/14.3.1+st.2/bin/../lib/gcc/arm-none-eabi/14.3.1/thumb/v7e-m+fp/hard\libgcc.a(_aeabi_uldivmod.o)
                0x080007dc                __aeabi_uldivmod
 .text          0x0800080c      0x2f8 C:/Users/pc/AppData/Local/stm32cube/bundles/gnu-tools-for-stm32/14.3.1+st.2/bin/../lib/gcc/arm-none-eabi/14.3.1/thumb/v7e-m+fp/hard\libgcc.a(_udivmoddi4.o)
                0x0800080c                __udivmoddi4
 .text          0x08000b04        0x4 C:/Users/pc/AppData/Local/stm32cube/bundles/gnu-tools-for-stm32/14.3.1+st.2/bin/../lib/gcc/arm-none-eabi/14.3.1/thumb/v7e-m+fp/hard\libgcc.a(_dvmd_tls.o)
                0x08000b04                __aeabi_idiv0
                0x08000b04                __aeabi_ldiv0
 *fill*         0x08000b08        0x8 
 .text          0x08000b10       0xa0 C:/Users/pc/AppData/Local/stm32cube/bundles/gnu-tools-for-stm32/14.3.1+st.2/bin/../lib/gcc/arm-none-eabi/14.3.1/../../../../arm-none-eabi/lib/thumb/v7e-m+fp/hard\libg_nano.a(libc_a-memchr.o)
                0x08000b10                memchr
 *(.text*)
 .text.SystemInit
                0x08000bb0       0x24 cmake/stm32cubemx/CMakeFiles/STM32_Drivers.dir/__/__/Core/Src/system_stm32f4xx.c.obj
                0x08000bb0                SystemInit
 .text.HAL_DAC_Init
                0x08000bd4       0x44 cmake/stm32cubemx/CMakeFiles/STM32_Drivers.dir/__/__/Drivers/STM32F4xx_HAL_Driver/Src/stm32f4xx_hal_dac.c.obj
                0x08000bd4                HAL_DAC_Init
 .text.HAL_DAC_Start
                0x08000c18       0xae cmake/stm32cubemx/CMakeFiles/STM32_Drivers.dir/__/__/Drivers/STM32F4xx_HAL_Driver/Src/stm32f4xx_hal_dac.c.obj
                0x08000c18                HAL_DAC_Start
 .text.HAL_DAC_SetValue
                0x08000cc6       0x54 cmake/stm32cubemx/CMakeFiles/STM32_Drivers.dir/__/__/Drivers/STM32F4xx_HAL_Driver/Src/stm32f4xx_hal_dac.c.obj
                0x08000cc6                HAL_DAC_SetValue
 .text.HAL_DAC_ConfigChannel
                0x08000d1a       0xb2 cmake/stm32cubemx/CMakeFiles/STM32_Drivers.dir/__/__/Drivers/STM32F4xx_HAL_Driver/Src/stm32f4xx_hal_dac.c.obj
                0x08000d1a                HAL_DAC_ConfigChannel
 .text.HAL_RCC_OscConfig
                0x08000dcc      0x4f0 cmake/stm32cubemx/CMakeFiles/STM32_Drivers.dir/__/__/Drivers/STM32F4xx_HAL_Driver/Src/stm32f4xx_hal_rcc.c.obj
                0x08000dcc                HAL_RCC_OscConfig
 .text.HAL_RCC_ClockConfig
                0x080012bc      0x1cc cmake/stm32cubemx/CMakeFiles/STM32_Drivers.dir/__/__/Drivers/STM32F4xx_HAL_Driver/Src/stm32f4xx_hal_rcc.c.obj
                0x080012bc                HAL_RCC_ClockConfig
 .text.HAL_RCC_GetSysClockFreq
                0x08001488      0x188 cmake/stm32cubemx/CMakeFiles/STM32_Drivers.dir/__/__/Drivers/STM32F4xx_HAL_Driver/Src/stm32f4xx_hal_rcc.c.obj
                0x08001488                HAL_RCC_GetSysClockFreq
 .text.HAL_GPIO_Init
                0x08001610      0x338 cmake/stm32cubemx/CMakeFiles/STM32_Drivers.dir/__/__/Drivers/STM32F4xx_HAL_Driver/Src/stm32f4xx_hal_gpio.c.obj
                0x08001610                HAL_GPIO_Init
 .text.HAL_GPIO_ReadPin
                0x08001948       0x30 cmake/stm32cubemx/CMakeFiles/STM32_Drivers.dir/__/__/Drivers/STM32F4xx_HAL_Driver/Src/stm32f4xx_hal_gpio.c.obj
                0x08001948                HAL_GPIO_ReadPin
 .text.HAL_GPIO_WritePin
                0x08001978       0x32 cmake/stm32cubemx/CMakeFiles/STM32_Drivers.dir/__/__/Drivers/STM32F4xx_HAL_Driver/Src/stm32f4xx_hal_gpio.c.obj
                0x08001978                HAL_GPIO_WritePin
 *fill*         0x080019aa        0x2 
 .text.__NVIC_SetPriorityGrouping
                0x080019ac       0x48 cmake/stm32cubemx/CMakeFiles/STM32_Drivers.dir/__/__/Drivers/STM32F4xx_HAL_Driver/Src/stm32f4xx_hal_cortex.c.obj
 .text.__NVIC_GetPriorityGrouping
                0x080019f4       0x1c cmake/stm32cubemx/CMakeFiles/STM32_Drivers.dir/__/__/Drivers/STM32F4xx_HAL_Driver/Src/stm32f4xx_hal_cortex.c.obj
 .text.__NVIC_SetPriority
                0x08001a10       0x54 cmake/stm32cubemx/CMakeFiles/STM32_Drivers.dir/__/__/Drivers/STM32F4xx_HAL_Driver/Src/stm32f4xx_hal_cortex.c.obj
 .text.NVIC_EncodePriority
                0x08001a64       0x66 cmake/stm32cubemx/CMakeFiles/STM32_Drivers.dir/__/__/Drivers/STM32F4xx_HAL_Driver/Src/stm32f4xx_hal_cortex.c.obj
 *fill*         0x08001aca        0x2 
 .text.SysTick_Config
                0x08001acc       0x44 cmake/stm32cubemx/CMakeFiles/STM32_Drivers.dir/__/__/Drivers/STM32F4xx_HAL_Driver/Src/stm32f4xx_hal_cortex.c.obj
 .text.HAL_NVIC_SetPriorityGrouping
                0x08001b10       0x16 cmake/stm32cubemx/CMakeFiles/STM32_Drivers.dir/__/__/Drivers/STM32F4xx_HAL_Driver/Src/stm32f4xx_hal_cortex.c.obj
                0x08001b10                HAL_NVIC_SetPriorityGrouping
 .text.HAL_NVIC_SetPriority
                0x08001b26       0x38 cmake/stm32cubemx/CMakeFiles/STM32_Drivers.dir/__/__/Drivers/STM32F4xx_HAL_Driver/Src/stm32f4xx_hal_cortex.c.obj
                0x08001b26                HAL_NVIC_SetPriority
 .text.HAL_SYSTICK_Config
                0x08001b5e       0x18 cmake/stm32cubemx/CMakeFiles/STM32_Drivers.dir/__/__/Drivers/STM32F4xx_HAL_Driver/Src/stm32f4xx_hal_cortex.c.obj
                0x08001b5e                HAL_SYSTICK_Config
 *fill*         0x08001b76        0x2 
 .text.HAL_Init
                0x08001b78       0x44 cmake/stm32cubemx/CMakeFiles/STM32_Drivers.dir/__/__/Drivers/STM32F4xx_HAL_Driver/Src/stm32f4xx_hal.c.obj
                0x08001b78                HAL_Init
 .text.HAL_InitTick
                0x08001bbc       0x60 cmake/stm32cubemx/CMakeFiles/STM32_Drivers.dir/__/__/Drivers/STM32F4xx_HAL_Driver/Src/stm32f4xx_hal.c.obj
                0x08001bbc                HAL_InitTick
 .text.HAL_IncTick
                0x08001c1c       0x28 cmake/stm32cubemx/CMakeFiles/STM32_Drivers.dir/__/__/Drivers/STM32F4xx_HAL_Driver/Src/stm32f4xx_hal.c.obj
                0x08001c1c                HAL_IncTick
 .text.HAL_GetTick
                0x08001c44       0x18 cmake/stm32cubemx/CMakeFiles/STM32_Drivers.dir/__/__/Drivers/STM32F4xx_HAL_Driver/Src/stm32f4xx_hal.c.obj
                0x08001c44                HAL_GetTick
 .text.HAL_Delay
                0x08001c5c       0x48 cmake/stm32cubemx/CMakeFiles/STM32_Drivers.dir/__/__/Drivers/STM32F4xx_HAL_Driver/Src/stm32f4xx_hal.c.obj
                0x08001c5c                HAL_Delay
 .text.FSMC_NORSRAM_Init
                0x08001ca4       0xd4 cmake/stm32cubemx/CMakeFiles/STM32_Drivers.dir/__/__/Drivers/STM32F4xx_HAL_Driver/Src/stm32f4xx_ll_fsmc.c.obj
                0x08001ca4                FSMC_NORSRAM_Init
 .text.FSMC_NORSRAM_Timing_Init
                0x08001d78       0x5c cmake/stm32cubemx/CMakeFiles/STM32_Drivers.dir/__/__/Drivers/STM32F4xx_HAL_Driver/Src/stm32f4xx_ll_fsmc.c.obj
                0x08001d78                FSMC_NORSRAM_Timing_Init
 .text.FSMC_NORSRAM_Extended_Timing_Init
                0x08001dd4       0x70 cmake/stm32cubemx/CMakeFiles/STM32_Drivers.dir/__/__/Drivers/STM32F4xx_HAL_Driver/Src/stm32f4xx_ll_fsmc.c.obj
                0x08001dd4                FSMC_NORSRAM_Extended_Timing_Init
 .text.HAL_SRAM_Init
                0x08001e44       0x90 cmake/stm32cubemx/CMakeFiles/STM32_Drivers.dir/__/__/Drivers/STM32F4xx_HAL_Driver/Src/stm32f4xx_hal_sram.c.obj
                0x08001e44                HAL_SRAM_Init
 .text.Button_WasPressed
                0x08001ed4       0x68 CMakeFiles/chengkongfangdaqi.dir/Core/Src/main.c.obj
 .text.ControlVoltage_Set
                0x08001f3c       0x60 CMakeFiles/chengkongfangdaqi.dir/Core/Src/main.c.obj
 .text.ControlVoltage_Adjust
                0x08001f9c       0x60 CMakeFiles/chengkongfangdaqi.dir/Core/Src/main.c.obj
 .text.Dds_Apply
                0x08001ffc       0x60 CMakeFiles/chengkongfangdaqi.dir/Core/Src/main.c.obj
 .text.Ui_DrawButton
                0x0800205c       0xc0 CMakeFiles/chengkongfangdaqi.dir/Core/Src/main.c.obj
 .text.Ui_Init  0x0800211c       0x3c CMakeFiles/chengkongfangdaqi.dir/Core/Src/main.c.obj
 .text.Ui_DrawMain
                0x08002158      0x284 CMakeFiles/chengkongfangdaqi.dir/Core/Src/main.c.obj
 .text.Ui_UpdateDacValue
                0x080023dc       0xc0 CMakeFiles/chengkongfangdaqi.dir/Core/Src/main.c.obj
 .text.Ui_BeginEdit
                0x0800249c       0x40 CMakeFiles/chengkongfangdaqi.dir/Core/Src/main.c.obj
 .text.Ui_DrawEditValue
                0x080024dc       0xb8 CMakeFiles/chengkongfangdaqi.dir/Core/Src/main.c.obj
 .text.Ui_DrawKeypad
                0x08002594      0x16c CMakeFiles/chengkongfangdaqi.dir/Core/Src/main.c.obj
 .text.Ui_AppendKey
                0x08002700       0x88 CMakeFiles/chengkongfangdaqi.dir/Core/Src/main.c.obj
 .text.Ui_ParseEditValue
                0x08002788       0x50 CMakeFiles/chengkongfangdaqi.dir/Core/Src/main.c.obj
 .text.Ui_HandleKeypadTouch
                0x080027d8      0x178 CMakeFiles/chengkongfangdaqi.dir/Core/Src/main.c.obj
 .text.Ui_HandleTouch
                0x08002950       0xf0 CMakeFiles/chengkongfangdaqi.dir/Core/Src/main.c.obj
 .text.Touch_Process
                0x08002a40       0xc4 CMakeFiles/chengkongfangdaqi.dir/Core/Src/main.c.obj
 .text.main     0x08002b04       0x70 CMakeFiles/chengkongfangdaqi.dir/Core/Src/main.c.obj
                0x08002b04                main
 .text.SystemClock_Config
                0x08002b74       0xd4 CMakeFiles/chengkongfangdaqi.dir/Core/Src/main.c.obj
                0x08002b74                SystemClock_Config
 .text.Error_Handler
                0x08002c48        0xc CMakeFiles/chengkongfangdaqi.dir/Core/Src/main.c.obj
                0x08002c48                Error_Handler
 .text.MX_GPIO_Init
                0x08002c54       0xe8 CMakeFiles/chengkongfangdaqi.dir/Core/Src/gpio.c.obj
                0x08002c54                MX_GPIO_Init
 .text.MX_DAC_Init
                0x08002d3c       0x54 CMakeFiles/chengkongfangdaqi.dir/Core/Src/dac.c.obj
                0x08002d3c                MX_DAC_Init
 .text.HAL_DAC_MspInit
                0x08002d90       0x88 CMakeFiles/chengkongfangdaqi.dir/Core/Src/dac.c.obj
                0x08002d90                HAL_DAC_MspInit
 .text.MX_FSMC_Init
                0x08002e18       0xc0 CMakeFiles/chengkongfangdaqi.dir/Core/Src/fsmc.c.obj
                0x08002e18                MX_FSMC_Init
 .text.HAL_FSMC_MspInit
                0x08002ed8       0xe0 CMakeFiles/chengkongfangdaqi.dir/Core/Src/fsmc.c.obj
 .text.HAL_SRAM_MspInit
                0x08002fb8       0x14 CMakeFiles/chengkongfangdaqi.dir/Core/Src/fsmc.c.obj
                0x08002fb8                HAL_SRAM_MspInit
 .text.NMI_Handler
                0x08002fcc        0x8 CMakeFiles/chengkongfangdaqi.dir/Core/Src/stm32f4xx_it.c.obj
                0x08002fcc                NMI_Handler
 .text.HardFault_Handler
                0x08002fd4        0x8 CMakeFiles/chengkongfangdaqi.dir/Core/Src/stm32f4xx_it.c.obj
                0x08002fd4                HardFault_Handler
 .text.MemManage_Handler
                0x08002fdc        0x8 CMakeFiles/chengkongfangdaqi.dir/Core/Src/stm32f4xx_it.c.obj
                0x08002fdc                MemManage_Handler
 .text.BusFault_Handler
                0x08002fe4        0x8 CMakeFiles/chengkongfangdaqi.dir/Core/Src/stm32f4xx_it.c.obj
                0x08002fe4                BusFault_Handler
 .text.UsageFault_Handler
                0x08002fec        0x8 CMakeFiles/chengkongfangdaqi.dir/Core/Src/stm32f4xx_it.c.obj
                0x08002fec                UsageFault_Handler
 .text.SVC_Handler
                0x08002ff4        0xe CMakeFiles/chengkongfangdaqi.dir/Core/Src/stm32f4xx_it.c.obj
                0x08002ff4                SVC_Handler
 .text.DebugMon_Handler
                0x08003002        0xe CMakeFiles/chengkongfangdaqi.dir/Core/Src/stm32f4xx_it.c.obj
                0x08003002                DebugMon_Handler
 .text.PendSV_Handler
                0x08003010        0xe CMakeFiles/chengkongfangdaqi.dir/Core/Src/stm32f4xx_it.c.obj
                0x08003010                PendSV_Handler
 .text.SysTick_Handler
                0x0800301e        0xc CMakeFiles/chengkongfangdaqi.dir/Core/Src/stm32f4xx_it.c.obj
                0x0800301e                SysTick_Handler
 *fill*         0x0800302a        0x2 
 .text.HAL_MspInit
                0x0800302c       0x50 CMakeFiles/chengkongfangdaqi.dir/Core/Src/stm32f4xx_hal_msp.c.obj
                0x0800302c                HAL_MspInit
 .text._sbrk    0x0800307c       0x6c CMakeFiles/chengkongfangdaqi.dir/Core/Src/sysmem.c.obj
                0x0800307c                _sbrk
 .text._read    0x080030e8       0x3a CMakeFiles/chengkongfangdaqi.dir/Core/Src/syscalls.c.obj
                0x080030e8                _read
 .text._write   0x08003122       0x38 CMakeFiles/chengkongfangdaqi.dir/Core/Src/syscalls.c.obj
                0x08003122                _write
 .text._close   0x0800315a       0x18 CMakeFiles/chengkongfangdaqi.dir/Core/Src/syscalls.c.obj
                0x0800315a                _close
 .text._fstat   0x08003172       0x20 CMakeFiles/chengkongfangdaqi.dir/Core/Src/syscalls.c.obj
                0x08003172                _fstat
 .text._isatty  0x08003192       0x16 CMakeFiles/chengkongfangdaqi.dir/Core/Src/syscalls.c.obj
                0x08003192                _isatty
 .text._lseek   0x080031a8       0x1a CMakeFiles/chengkongfangdaqi.dir/Core/Src/syscalls.c.obj
                0x080031a8                _lseek
 *fill*         0x080031c2        0x2 
 .text.Reset_Handler
                0x080031c4       0x50 CMakeFiles/chengkongfangdaqi.dir/startup_stm32f407xx.s.obj
                0x080031c4                Reset_Handler
 .text.Default_Handler
                0x08003214        0x2 CMakeFiles/chengkongfangdaqi.dir/startup_stm32f407xx.s.obj
                0x08003214                RTC_Alarm_IRQHandler
                0x08003214                HASH_RNG_IRQHandler
                0x08003214                EXTI2_IRQHandler
                0x08003214                TIM8_CC_IRQHandler
                0x08003214                TIM1_CC_IRQHandler
                0x08003214                DMA2_Stream5_IRQHandler
                0x08003214                DMA1_Stream5_IRQHandler
                0x08003214                PVD_IRQHandler
                0x08003214                SDIO_IRQHandler
                0x08003214                TAMP_STAMP_IRQHandler
                0x08003214                CAN2_RX1_IRQHandler
                0x08003214                EXTI3_IRQHandler
                0x08003214                TIM8_TRG_COM_TIM14_IRQHandler
                0x08003214                TIM1_UP_TIM10_IRQHandler
                0x08003214                TIM8_UP_TIM13_IRQHandler
                0x08003214                I2C3_ER_IRQHandler
                0x08003214                EXTI0_IRQHandler
                0x08003214                I2C2_EV_IRQHandler
                0x08003214                DMA1_Stream2_IRQHandler
                0x08003214                CAN1_RX0_IRQHandler
                0x08003214                FPU_IRQHandler
                0x08003214                OTG_HS_WKUP_IRQHandler
                0x08003214                CAN2_SCE_IRQHandler
                0x08003214                DMA2_Stream2_IRQHandler
                0x08003214                SPI1_IRQHandler
                0x08003214                TIM6_DAC_IRQHandler
                0x08003214                TIM1_BRK_TIM9_IRQHandler
                0x08003214                DCMI_IRQHandler
                0x08003214                CAN2_RX0_IRQHandler
                0x08003214                DMA2_Stream3_IRQHandler
                0x08003214                USART6_IRQHandler
                0x08003214                USART3_IRQHandler
                0x08003214                CAN1_RX1_IRQHandler
                0x08003214                UART5_IRQHandler
                0x08003214                DMA2_Stream0_IRQHandler
                0x08003214                TIM4_IRQHandler
                0x08003214                I2C1_EV_IRQHandler
                0x08003214                DMA1_Stream6_IRQHandler
                0x08003214                DMA1_Stream1_IRQHandler
                0x08003214                UART4_IRQHandler
                0x08003214                TIM3_IRQHandler
                0x08003214                RCC_IRQHandler
                0x08003214                TIM8_BRK_TIM12_IRQHandler
                0x08003214                Default_Handler
                0x08003214                EXTI15_10_IRQHandler
                0x08003214                ADC_IRQHandler
                0x08003214                DMA1_Stream7_IRQHandler
                0x08003214                TIM7_IRQHandler
                0x08003214                CAN2_TX_IRQHandler
                0x08003214                TIM5_IRQHandler
                0x08003214                DMA2_Stream7_IRQHandler
                0x08003214                I2C3_EV_IRQHandler
                0x08003214                EXTI9_5_IRQHandler
                0x08003214                RTC_WKUP_IRQHandler
                0x08003214                ETH_WKUP_IRQHandler
                0x08003214                SPI2_IRQHandler
                0x08003214                OTG_HS_EP1_IN_IRQHandler
                0x08003214                DMA1_Stream0_IRQHandler
                0x08003214                CAN1_TX_IRQHandler
                0x08003214                EXTI4_IRQHandler
                0x08003214                FSMC_IRQHandler
                0x08003214                ETH_IRQHandler
                0x08003214                OTG_HS_EP1_OUT_IRQHandler
                0x08003214                WWDG_IRQHandler
                0x08003214                TIM2_IRQHandler
                0x08003214                OTG_FS_WKUP_IRQHandler
                0x08003214                TIM1_TRG_COM_TIM11_IRQHandler
                0x08003214                OTG_HS_IRQHandler
                0x08003214                EXTI1_IRQHandler
                0x08003214                USART2_IRQHandler
                0x08003214                I2C2_ER_IRQHandler
                0x08003214                DMA2_Stream1_IRQHandler
                0x08003214                CAN1_SCE_IRQHandler
                0x08003214                FLASH_IRQHandler
                0x08003214                DMA2_Stream4_IRQHandler
                0x08003214                USART1_IRQHandler
                0x08003214                OTG_FS_IRQHandler
                0x08003214                SPI3_IRQHandler
                0x08003214                DMA1_Stream4_IRQHandler
                0x08003214                I2C1_ER_IRQHandler
                0x08003214                DMA2_Stream6_IRQHandler
                0x08003214                DMA1_Stream3_IRQHandler
 *fill*         0x08003216        0x2 
 .text.delay_us
                0x08003218       0x84 CMakeFiles/chengkongfangdaqi.dir/Core/Src/lcd.c.obj
 .text.LCD_BacklightOn
                0x0800329c       0x68 CMakeFiles/chengkongfangdaqi.dir/Core/Src/lcd.c.obj
 .text.LCD_WR_REG
                0x08003304       0x28 CMakeFiles/chengkongfangdaqi.dir/Core/Src/lcd.c.obj
                0x08003304                LCD_WR_REG
 .text.LCD_WR_DATA
                0x0800332c       0x28 CMakeFiles/chengkongfangdaqi.dir/Core/Src/lcd.c.obj
                0x0800332c                LCD_WR_DATA
 .text.LCD_RD_DATA
                0x08003354       0x24 CMakeFiles/chengkongfangdaqi.dir/Core/Src/lcd.c.obj
                0x08003354                LCD_RD_DATA
 .text.LCD_WriteReg
                0x08003378       0x2c CMakeFiles/chengkongfangdaqi.dir/Core/Src/lcd.c.obj
                0x08003378                LCD_WriteReg
 .text.LCD_WriteRAM_Prepare
                0x080033a4       0x20 CMakeFiles/chengkongfangdaqi.dir/Core/Src/lcd.c.obj
                0x080033a4                LCD_WriteRAM_Prepare
 .text.LCD_SetCursor
                0x080033c4      0x1ac CMakeFiles/chengkongfangdaqi.dir/Core/Src/lcd.c.obj
                0x080033c4                LCD_SetCursor
 .text.LCD_Scan_Dir
                0x08003570      0x2f8 CMakeFiles/chengkongfangdaqi.dir/Core/Src/lcd.c.obj
                0x08003570                LCD_Scan_Dir
 .text.LCD_DrawPoint
                0x08003868       0x38 CMakeFiles/chengkongfangdaqi.dir/Core/Src/lcd.c.obj
                0x08003868                LCD_DrawPoint
 .text.LCD_Fast_DrawPoint
                0x080038a0      0x17c CMakeFiles/chengkongfangdaqi.dir/Core/Src/lcd.c.obj
                0x080038a0                LCD_Fast_DrawPoint
 *fill*         0x08003a1c        0x4 
 .text.LCD_SSD_BackLightSet
                0x08003a20       0x68 CMakeFiles/chengkongfangdaqi.dir/Core/Src/lcd.c.obj
                0x08003a20                LCD_SSD_BackLightSet
 .text.LCD_Display_Dir
                0x08003a88      0x170 CMakeFiles/chengkongfangdaqi.dir/Core/Src/lcd.c.obj
                0x08003a88                LCD_Display_Dir
 .text.LCD_Init
                0x08003bf8     0x2654 CMakeFiles/chengkongfangdaqi.dir/Core/Src/lcd.c.obj
                0x08003bf8                LCD_Init
 .text.LCD_Clear
                0x0800624c       0x5c CMakeFiles/chengkongfangdaqi.dir/Core/Src/lcd.c.obj
                0x0800624c                LCD_Clear
 .text.LCD_Fill
                0x080062a8       0x7c CMakeFiles/chengkongfangdaqi.dir/Core/Src/lcd.c.obj
                0x080062a8                LCD_Fill
 .text.LCD_DrawLine
                0x08006324      0x108 CMakeFiles/chengkongfangdaqi.dir/Core/Src/lcd.c.obj
                0x08006324                LCD_DrawLine
 .text.LCD_DrawRectangle
                0x0800642c       0x56 CMakeFiles/chengkongfangdaqi.dir/Core/Src/lcd.c.obj
                0x0800642c                LCD_DrawRectangle
 *fill*         0x08006482        0x2 
 .text.LCD_ShowChar
                0x08006484      0x15c CMakeFiles/chengkongfangdaqi.dir/Core/Src/lcd.c.obj
                0x08006484                LCD_ShowChar
 .text.LCD_Pow  0x080065e0       0x38 CMakeFiles/chengkongfangdaqi.dir/Core/Src/lcd.c.obj
                0x080065e0                LCD_Pow
 .text.LCD_ShowNum
                0x08006618       0xe4 CMakeFiles/chengkongfangdaqi.dir/Core/Src/lcd.c.obj
                0x08006618                LCD_ShowNum
 .text.LCD_ShowxNum
                0x080066fc      0x138 CMakeFiles/chengkongfangdaqi.dir/Core/Src/lcd.c.obj
                0x080066fc                LCD_ShowxNum
 .text.LCD_ShowString
                0x08006834       0x9a CMakeFiles/chengkongfangdaqi.dir/Core/Src/lcd.c.obj
                0x08006834                LCD_ShowString
 *fill*         0x080068ce        0x2 
 .text.Ad9954_Init
                0x080068d0       0x7c CMakeFiles/chengkongfangdaqi.dir/Core/Src/ad9954.c.obj
                0x080068d0                Ad9954_Init
 .text.Ad9954_SetFrequency
                0x0800694c       0xa0 CMakeFiles/chengkongfangdaqi.dir/Core/Src/ad9954.c.obj
                0x0800694c                Ad9954_SetFrequency
 .text.Ad9954_SetAmplitude
                0x080069ec       0x42 CMakeFiles/chengkongfangdaqi.dir/Core/Src/ad9954.c.obj
                0x080069ec                Ad9954_SetAmplitude
 *fill*         0x08006a2e        0x2 
 .text.Ad9954_SetAmplitudeMv
                0x08006a30       0x44 CMakeFiles/chengkongfangdaqi.dir/Core/Src/ad9954.c.obj
                0x08006a30                Ad9954_SetAmplitudeMv
 .text.Ad9954_SetPhase
                0x08006a74       0x42 CMakeFiles/chengkongfangdaqi.dir/Core/Src/ad9954.c.obj
                0x08006a74                Ad9954_SetPhase
 .text.Ad9954_SetOutputMv
                0x08006ab6       0x40 CMakeFiles/chengkongfangdaqi.dir/Core/Src/ad9954.c.obj
                0x08006ab6                Ad9954_SetOutputMv
 *fill*         0x08006af6        0x2 
 .text.Ad9954_InitGpio
                0x08006af8      0x1b0 CMakeFiles/chengkongfangdaqi.dir/Core/Src/ad9954.c.obj
 .text.Ad9954_Reset
                0x08006ca8       0x2c CMakeFiles/chengkongfangdaqi.dir/Core/Src/ad9954.c.obj
 .text.Ad9954_Update
                0x08006cd4       0x40 CMakeFiles/chengkongfangdaqi.dir/Core/Src/ad9954.c.obj
 .text.Ad9954_SerialDelay
                0x08006d14       0x28 CMakeFiles/chengkongfangdaqi.dir/Core/Src/ad9954.c.obj
 .text.Ad9954_WriteByte
                0x08006d3c       0x6c CMakeFiles/chengkongfangdaqi.dir/Core/Src/ad9954.c.obj
 .text.Ad9954_WriteRegister
                0x08006da8       0x5c CMakeFiles/chengkongfangdaqi.dir/Core/Src/ad9954.c.obj
 .text.Touch_Init
                0x08006e04      0x10c CMakeFiles/chengkongfangdaqi.dir/Core/Src/touch.c.obj
                0x08006e04                Touch_Init
 .text.Touch_Scan
                0x08006f10       0xb0 CMakeFiles/chengkongfangdaqi.dir/Core/Src/touch.c.obj
                0x08006f10                Touch_Scan
 .text.Touch_IsPressed
                0x08006fc0       0x20 CMakeFiles/chengkongfangdaqi.dir/Core/Src/touch.c.obj
                0x08006fc0                Touch_IsPressed
 .text.Touch_DelayUs
                0x08006fe0       0x8c CMakeFiles/chengkongfangdaqi.dir/Core/Src/touch.c.obj
 .text.Touch_WriteByte
                0x0800706c       0x60 CMakeFiles/chengkongfangdaqi.dir/Core/Src/touch.c.obj
 .text.Touch_ReadAd
                0x080070cc       0xd4 CMakeFiles/chengkongfangdaqi.dir/Core/Src/touch.c.obj
 .text.Touch_ReadFiltered
                0x080071a0       0xf0 CMakeFiles/chengkongfangdaqi.dir/Core/Src/touch.c.obj
 .text.Touch_ReadRaw
                0x08007290       0xf4 CMakeFiles/chengkongfangdaqi.dir/Core/Src/touch.c.obj
 .text.Touch_MapToScreen
                0x08007384       0x70 CMakeFiles/chengkongfangdaqi.dir/Core/Src/touch.c.obj
 .text.std      0x080073f4       0x6c C:/Users/pc/AppData/Local/stm32cube/bundles/gnu-tools-for-stm32/14.3.1+st.2/bin/../lib/gcc/arm-none-eabi/14.3.1/../../../../arm-none-eabi/lib/thumb/v7e-m+fp/hard\libg_nano.a(libc_a-findfp.o)
 .text.stdio_exit_handler
                0x08007460       0x18 C:/Users/pc/AppData/Local/stm32cube/bundles/gnu-tools-for-stm32/14.3.1+st.2/bin/../lib/gcc/arm-none-eabi/14.3.1/../../../../arm-none-eabi/lib/thumb/v7e-m+fp/hard\libg_nano.a(libc_a-findfp.o)
 .text.cleanup_stdio
                0x08007478       0x40 C:/Users/pc/AppData/Local/stm32cube/bundles/gnu-tools-for-stm32/14.3.1+st.2/bin/../lib/gcc/arm-none-eabi/14.3.1/../../../../arm-none-eabi/lib/thumb/v7e-m+fp/hard\libg_nano.a(libc_a-findfp.o)
 .text.global_stdio_init.part.0
                0x080074b8       0x40 C:/Users/pc/AppData/Local/stm32cube/bundles/gnu-tools-for-stm32/14.3.1+st.2/bin/../lib/gcc/arm-none-eabi/14.3.1/../../../../arm-none-eabi/lib/thumb/v7e-m+fp/hard\libg_nano.a(libc_a-findfp.o)
 .text.__sfp_lock_acquire
                0x080074f8        0xc C:/Users/pc/AppData/Local/stm32cube/bundles/gnu-tools-for-stm32/14.3.1+st.2/bin/../lib/gcc/arm-none-eabi/14.3.1/../../../../arm-none-eabi/lib/thumb/v7e-m+fp/hard\libg_nano.a(libc_a-findfp.o)
                0x080074f8                __sfp_lock_acquire
 .text.__sfp_lock_release
                0x08007504        0xc C:/Users/pc/AppData/Local/stm32cube/bundles/gnu-tools-for-stm32/14.3.1+st.2/bin/../lib/gcc/arm-none-eabi/14.3.1/../../../../arm-none-eabi/lib/thumb/v7e-m+fp/hard\libg_nano.a(libc_a-findfp.o)
                0x08007504                __sfp_lock_release
 .text.__sinit  0x08007510       0x30 C:/Users/pc/AppData/Local/stm32cube/bundles/gnu-tools-for-stm32/14.3.1+st.2/bin/../lib/gcc/arm-none-eabi/14.3.1/../../../../arm-none-eabi/lib/thumb/v7e-m+fp/hard\libg_nano.a(libc_a-findfp.o)
                0x08007510                __sinit
 .text._fwalk_sglue
                0x08007540       0x3c C:/Users/pc/AppData/Local/stm32cube/bundles/gnu-tools-for-stm32/14.3.1+st.2/bin/../lib/gcc/arm-none-eabi/14.3.1/../../../../arm-none-eabi/lib/thumb/v7e-m+fp/hard\libg_nano.a(libc_a-fwalk.o)
                0x08007540                _fwalk_sglue
 .text.printf   0x0800757c       0x24 C:/Users/pc/AppData/Local/stm32cube/bundles/gnu-tools-for-stm32/14.3.1+st.2/bin/../lib/gcc/arm-none-eabi/14.3.1/../../../../arm-none-eabi/lib/thumb/v7e-m+fp/hard\libg_nano.a(libc_a-printf.o)
                0x0800757c                iprintf
                0x0800757c                printf
 .text.__sread  0x080075a0       0x22 C:/Users/pc/AppData/Local/stm32cube/bundles/gnu-tools-for-stm32/14.3.1+st.2/bin/../lib/gcc/arm-none-eabi/14.3.1/../../../../arm-none-eabi/lib/thumb/v7e-m+fp/hard\libg_nano.a(libc_a-stdio.o)
                0x080075a0                __sread
 .text.__swrite
                0x080075c2       0x38 C:/Users/pc/AppData/Local/stm32cube/bundles/gnu-tools-for-stm32/14.3.1+st.2/bin/../lib/gcc/arm-none-eabi/14.3.1/../../../../arm-none-eabi/lib/thumb/v7e-m+fp/hard\libg_nano.a(libc_a-stdio.o)
                0x080075c2                __swrite
 .text.__sseek  0x080075fa       0x26 C:/Users/pc/AppData/Local/stm32cube/bundles/gnu-tools-for-stm32/14.3.1+st.2/bin/../lib/gcc/arm-none-eabi/14.3.1/../../../../arm-none-eabi/lib/thumb/v7e-m+fp/hard\libg_nano.a(libc_a-stdio.o)
                0x080075fa                __sseek
 .text.__sclose
                0x08007620        0x8 C:/Users/pc/AppData/Local/stm32cube/bundles/gnu-tools-for-stm32/14.3.1+st.2/bin/../lib/gcc/arm-none-eabi/14.3.1/../../../../arm-none-eabi/lib/thumb/v7e-m+fp/hard\libg_nano.a(libc_a-stdio.o)
                0x08007620                __sclose
 .text.memset   0x08007628       0x10 C:/Users/pc/AppData/Local/stm32cube/bundles/gnu-tools-for-stm32/14.3.1+st.2/bin/../lib/gcc/arm-none-eabi/14.3.1/../../../../arm-none-eabi/lib/thumb/v7e-m+fp/hard\libg_nano.a(libc_a-memset.o)
                0x08007628                memset
 .text._close_r
                0x08007638       0x20 C:/Users/pc/AppData/Local/stm32cube/bundles/gnu-tools-for-stm32/14.3.1+st.2/bin/../lib/gcc/arm-none-eabi/14.3.1/../../../../arm-none-eabi/lib/thumb/v7e-m+fp/hard\libg_nano.a(libc_a-closer.o)
                0x08007638                _close_r
 .text._lseek_r
                0x08007658       0x24 C:/Users/pc/AppData/Local/stm32cube/bundles/gnu-tools-for-stm32/14.3.1+st.2/bin/../lib/gcc/arm-none-eabi/14.3.1/../../../../arm-none-eabi/lib/thumb/v7e-m+fp/hard\libg_nano.a(libc_a-lseekr.o)
                0x08007658                _lseek_r
 .text._read_r  0x0800767c       0x24 C:/Users/pc/AppData/Local/stm32cube/bundles/gnu-tools-for-stm32/14.3.1+st.2/bin/../lib/gcc/arm-none-eabi/14.3.1/../../../../arm-none-eabi/lib/thumb/v7e-m+fp/hard\libg_nano.a(libc_a-readr.o)
                0x0800767c                _read_r
 .text._write_r
                0x080076a0       0x24 C:/Users/pc/AppData/Local/stm32cube/bundles/gnu-tools-for-stm32/14.3.1+st.2/bin/../lib/gcc/arm-none-eabi/14.3.1/../../../../arm-none-eabi/lib/thumb/v7e-m+fp/hard\libg_nano.a(libc_a-writer.o)
                0x080076a0                _write_r
 .text.__errno  0x080076c4        0xc C:/Users/pc/AppData/Local/stm32cube/bundles/gnu-tools-for-stm32/14.3.1+st.2/bin/../lib/gcc/arm-none-eabi/14.3.1/../../../../arm-none-eabi/lib/thumb/v7e-m+fp/hard\libg_nano.a(libc_a-errno.o)
                0x080076c4                __errno
 .text.__libc_init_array
                0x080076d0       0x48 C:/Users/pc/AppData/Local/stm32cube/bundles/gnu-tools-for-stm32/14.3.1+st.2/bin/../lib/gcc/arm-none-eabi/14.3.1/../../../../arm-none-eabi/lib/thumb/v7e-m+fp/hard\libg_nano.a(libc_a-init.o)
                0x080076d0                __libc_init_array
 .text.__retarget_lock_init_recursive
                0x08007718        0x2 C:/Users/pc/AppData/Local/stm32cube/bundles/gnu-tools-for-stm32/14.3.1+st.2/bin/../lib/gcc/arm-none-eabi/14.3.1/../../../../arm-none-eabi/lib/thumb/v7e-m+fp/hard\libg_nano.a(libc_a-lock.o)
                0x08007718                __retarget_lock_init_recursive
 .text.__retarget_lock_acquire_recursive
                0x0800771a        0x2 C:/Users/pc/AppData/Local/stm32cube/bundles/gnu-tools-for-stm32/14.3.1+st.2/bin/../lib/gcc/arm-none-eabi/14.3.1/../../../../arm-none-eabi/lib/thumb/v7e-m+fp/hard\libg_nano.a(libc_a-lock.o)
                0x0800771a                __retarget_lock_acquire_recursive
 .text.__retarget_lock_release_recursive
                0x0800771c        0x2 C:/Users/pc/AppData/Local/stm32cube/bundles/gnu-tools-for-stm32/14.3.1+st.2/bin/../lib/gcc/arm-none-eabi/14.3.1/../../../../arm-none-eabi/lib/thumb/v7e-m+fp/hard\libg_nano.a(libc_a-lock.o)
                0x0800771c                __retarget_lock_release_recursive
 *fill*         0x0800771e        0x2 
 .text._free_r  0x08007720       0x94 C:/Users/pc/AppData/Local/stm32cube/bundles/gnu-tools-for-stm32/14.3.1+st.2/bin/../lib/gcc/arm-none-eabi/14.3.1/../../../../arm-none-eabi/lib/thumb/v7e-m+fp/hard\libg_nano.a(libc_a-freer.o)
                0x08007720                _free_r
 .text.sbrk_aligned
                0x080077b4       0x44 C:/Users/pc/AppData/Local/stm32cube/bundles/gnu-tools-for-stm32/14.3.1+st.2/bin/../lib/gcc/arm-none-eabi/14.3.1/../../../../arm-none-eabi/lib/thumb/v7e-m+fp/hard\libg_nano.a(libc_a-mallocr.o)
 .text._malloc_r
                0x080077f8      0x100 C:/Users/pc/AppData/Local/stm32cube/bundles/gnu-tools-for-stm32/14.3.1+st.2/bin/../lib/gcc/arm-none-eabi/14.3.1/../../../../arm-none-eabi/lib/thumb/v7e-m+fp/hard\libg_nano.a(libc_a-mallocr.o)
                0x080077f8                _malloc_r
 .text.__malloc_lock
                0x080078f8        0xc C:/Users/pc/AppData/Local/stm32cube/bundles/gnu-tools-for-stm32/14.3.1+st.2/bin/../lib/gcc/arm-none-eabi/14.3.1/../../../../arm-none-eabi/lib/thumb/v7e-m+fp/hard\libg_nano.a(libc_a-mlock.o)
                0x080078f8                __malloc_lock
 .text.__malloc_unlock
                0x08007904        0xc C:/Users/pc/AppData/Local/stm32cube/bundles/gnu-tools-for-stm32/14.3.1+st.2/bin/../lib/gcc/arm-none-eabi/14.3.1/../../../../arm-none-eabi/lib/thumb/v7e-m+fp/hard\libg_nano.a(libc_a-mlock.o)
                0x08007904                __malloc_unlock
 .text.__sfputc_r
                0x08007910       0x2e C:/Users/pc/AppData/Local/stm32cube/bundles/gnu-tools-for-stm32/14.3.1+st.2/bin/../lib/gcc/arm-none-eabi/14.3.1/../../../../arm-none-eabi/lib/thumb/v7e-m+fp/hard\libg_nano.a(libc_a-nano-vfprintf.o)
 .text.__sfputs_r
                0x0800793e       0x24 C:/Users/pc/AppData/Local/stm32cube/bundles/gnu-tools-for-stm32/14.3.1+st.2/bin/../lib/gcc/arm-none-eabi/14.3.1/../../../../arm-none-eabi/lib/thumb/v7e-m+fp/hard\libg_nano.a(libc_a-nano-vfprintf.o)
                0x0800793e                __sfputs_r
 *fill*         0x08007962        0x2 
 .text._vfprintf_r
                0x08007964      0x228 C:/Users/pc/AppData/Local/stm32cube/bundles/gnu-tools-for-stm32/14.3.1+st.2/bin/../lib/gcc/arm-none-eabi/14.3.1/../../../../arm-none-eabi/lib/thumb/v7e-m+fp/hard\libg_nano.a(libc_a-nano-vfprintf.o)
                0x08007964                _vfprintf_r
                0x08007964                _vfiprintf_r
 .text._printf_common
                0x08007b8c       0xda C:/Users/pc/AppData/Local/stm32cube/bundles/gnu-tools-for-stm32/14.3.1+st.2/bin/../lib/gcc/arm-none-eabi/14.3.1/../../../../arm-none-eabi/lib/thumb/v7e-m+fp/hard\libg_nano.a(libc_a-nano-vfprintf_i.o)
                0x08007b8c                _printf_common
 *fill*         0x08007c66        0x2 
 .text._printf_i
                0x08007c68      0x24c C:/Users/pc/AppData/Local/stm32cube/bundles/gnu-tools-for-stm32/14.3.1+st.2/bin/../lib/gcc/arm-none-eabi/14.3.1/../../../../arm-none-eabi/lib/thumb/v7e-m+fp/hard\libg_nano.a(libc_a-nano-vfprintf_i.o)
                0x08007c68                _printf_i
 .text.__sflush_r
                0x08007eb4      0x104 C:/Users/pc/AppData/Local/stm32cube/bundles/gnu-tools-for-stm32/14.3.1+st.2/bin/../lib/gcc/arm-none-eabi/14.3.1/../../../../arm-none-eabi/lib/thumb/v7e-m+fp/hard\libg_nano.a(libc_a-fflush.o)
                0x08007eb4                __sflush_r
 .text._fflush_r
                0x08007fb8       0x50 C:/Users/pc/AppData/Local/stm32cube/bundles/gnu-tools-for-stm32/14.3.1+st.2/bin/../lib/gcc/arm-none-eabi/14.3.1/../../../../arm-none-eabi/lib/thumb/v7e-m+fp/hard\libg_nano.a(libc_a-fflush.o)
                0x08007fb8                _fflush_r
 .text.__swbuf_r
                0x08008008       0x7c C:/Users/pc/AppData/Local/stm32cube/bundles/gnu-tools-for-stm32/14.3.1+st.2/bin/../lib/gcc/arm-none-eabi/14.3.1/../../../../arm-none-eabi/lib/thumb/v7e-m+fp/hard\libg_nano.a(libc_a-wbuf.o)
                0x08008008                __swbuf_r
 .text.__swsetup_r
                0x08008084       0xa8 C:/Users/pc/AppData/Local/stm32cube/bundles/gnu-tools-for-stm32/14.3.1+st.2/bin/../lib/gcc/arm-none-eabi/14.3.1/../../../../arm-none-eabi/lib/thumb/v7e-m+fp/hard\libg_nano.a(libc_a-wsetup.o)
                0x08008084                __swsetup_r
 .text._sbrk_r  0x0800812c       0x20 C:/Users/pc/AppData/Local/stm32cube/bundles/gnu-tools-for-stm32/14.3.1+st.2/bin/../lib/gcc/arm-none-eabi/14.3.1/../../../../arm-none-eabi/lib/thumb/v7e-m+fp/hard\libg_nano.a(libc_a-sbrkr.o)
                0x0800812c                _sbrk_r
 .text.__swhatbuf_r
                0x0800814c       0x48 C:/Users/pc/AppData/Local/stm32cube/bundles/gnu-tools-for-stm32/14.3.1+st.2/bin/../lib/gcc/arm-none-eabi/14.3.1/../../../../arm-none-eabi/lib/thumb/v7e-m+fp/hard\libg_nano.a(libc_a-makebuf.o)
                0x0800814c                __swhatbuf_r
 .text.__smakebuf_r
                0x08008194       0x72 C:/Users/pc/AppData/Local/stm32cube/bundles/gnu-tools-for-stm32/14.3.1+st.2/bin/../lib/gcc/arm-none-eabi/14.3.1/../../../../arm-none-eabi/lib/thumb/v7e-m+fp/hard\libg_nano.a(libc_a-makebuf.o)
                0x08008194                __smakebuf_r
 *fill*         0x08008206        0x2 
 .text._fstat_r
                0x08008208       0x24 C:/Users/pc/AppData/Local/stm32cube/bundles/gnu-tools-for-stm32/14.3.1+st.2/bin/../lib/gcc/arm-none-eabi/14.3.1/../../../../arm-none-eabi/lib/thumb/v7e-m+fp/hard\libg_nano.a(libc_a-fstatr.o)
                0x08008208                _fstat_r
 .text._isatty_r
                0x0800822c       0x20 C:/Users/pc/AppData/Local/stm32cube/bundles/gnu-tools-for-stm32/14.3.1+st.2/bin/../lib/gcc/arm-none-eabi/14.3.1/../../../../arm-none-eabi/lib/thumb/v7e-m+fp/hard\libg_nano.a(libc_a-isattyr.o)
                0x0800822c                _isatty_r
 *(.glue_7)
 .glue_7        0x0800824c        0x0 linker stubs
 *(.glue_7t)
 .glue_7t       0x0800824c        0x0 linker stubs
 *(.eh_frame)
 .eh_frame      0x0800824c        0x0 C:/Users/pc/AppData/Local/stm32cube/bundles/gnu-tools-for-stm32/14.3.1+st.2/bin/../lib/gcc/arm-none-eabi/14.3.1/thumb/v7e-m+fp/hard/crtbegin.o
 *(.init)
 .init          0x0800824c        0x4 C:/Users/pc/AppData/Local/stm32cube/bundles/gnu-tools-for-stm32/14.3.1+st.2/bin/../lib/gcc/arm-none-eabi/14.3.1/thumb/v7e-m+fp/hard/crti.o
                0x0800824c                _init
 .init          0x08008250        0x8 C:/Users/pc/AppData/Local/stm32cube/bundles/gnu-tools-for-stm32/14.3.1+st.2/bin/../lib/gcc/arm-none-eabi/14.3.1/thumb/v7e-m+fp/hard/crtn.o
 *(.fini)
 .fini          0x08008258        0x4 C:/Users/pc/AppData/Local/stm32cube/bundles/gnu-tools-for-stm32/14.3.1+st.2/bin/../lib/gcc/arm-none-eabi/14.3.1/thumb/v7e-m+fp/hard/crti.o
                0x08008258                _fini
 .fini          0x0800825c        0x8 C:/Users/pc/AppData/Local/stm32cube/bundles/gnu-tools-for-stm32/14.3.1+st.2/bin/../lib/gcc/arm-none-eabi/14.3.1/thumb/v7e-m+fp/hard/crtn.o
                0x08008264                        . = ALIGN (0x4)
                0x08008264                        _etext = .

.vfp11_veneer   0x08008264        0x0
 .vfp11_veneer  0x08008264        0x0 linker stubs

.v4_bx          0x08008264        0x0
 .v4_bx         0x08008264        0x0 linker stubs

.iplt           0x08008264        0x0
 .iplt          0x08008264        0x0 C:/Users/pc/AppData/Local/stm32cube/bundles/gnu-tools-for-stm32/14.3.1+st.2/bin/../lib/gcc/arm-none-eabi/14.3.1/thumb/v7e-m+fp/hard/crtbegin.o

.rodata         0x08008264     0x192c
                0x08008264                        . = ALIGN (0x4)
 *(.rodata)
 .rodata        0x08008264       0xfa CMakeFiles/chengkongfangdaqi.dir/Core/Src/main.c.obj
 *fill*         0x0800835e        0x2 
 .rodata        0x08008360        0xd CMakeFiles/chengkongfangdaqi.dir/Core/Src/lcd.c.obj
 *fill*         0x0800836d        0x3 
 .rodata        0x08008370        0x3 CMakeFiles/chengkongfangdaqi.dir/Core/Src/ad9954.c.obj
 *(.rodata*)
 *fill*         0x08008373        0x1 
 .rodata.AHBPrescTable
                0x08008374       0x10 cmake/stm32cubemx/CMakeFiles/STM32_Drivers.dir/__/__/Core/Src/system_stm32f4xx.c.obj
                0x08008374                AHBPrescTable
 .rodata.keys.1
                0x08008384        0xc CMakeFiles/chengkongfangdaqi.dir/Core/Src/main.c.obj
 .rodata.keys.0
                0x08008390        0xc CMakeFiles/chengkongfangdaqi.dir/Core/Src/main.c.obj
 .rodata.asc2_1206
                0x0800839c      0x474 CMakeFiles/chengkongfangdaqi.dir/Core/Src/lcd.c.obj
 .rodata.asc2_1608
                0x08008810      0x5f0 CMakeFiles/chengkongfangdaqi.dir/Core/Src/lcd.c.obj
 .rodata.asc2_2412
                0x08008e00      0xd5c CMakeFiles/chengkongfangdaqi.dir/Core/Src/lcd.c.obj
                0x08008e00                asc2_2412
 .rodata._vfprintf_r.str1.1
                0x08009b5c       0x33 C:/Users/pc/AppData/Local/stm32cube/bundles/gnu-tools-for-stm32/14.3.1+st.2/bin/../lib/gcc/arm-none-eabi/14.3.1/../../../../arm-none-eabi/lib/thumb/v7e-m+fp/hard\libg_nano.a(libc_a-nano-vfprintf.o)
                                 0x11 (size before relaxing)
 .rodata._printf_i.str1.1
                0x08009b8f       0x22 C:/Users/pc/AppData/Local/stm32cube/bundles/gnu-tools-for-stm32/14.3.1+st.2/bin/../lib/gcc/arm-none-eabi/14.3.1/../../../../arm-none-eabi/lib/thumb/v7e-m+fp/hard\libg_nano.a(libc_a-nano-vfprintf_i.o)
                0x08009bb4                        . = ALIGN (0x4)
 *fill*         0x08009b8f        0x1 

.ARM.extab      0x08009b90        0x0
                0x08009b90                        . = ALIGN (0x4)
 *(.ARM.extab* .gnu.linkonce.armextab.*)
                0x08009b90                        . = ALIGN (0x4)

.ARM            0x08009b90        0x8
                0x08009b90                        . = ALIGN (0x4)
                0x08009b90                        __exidx_start = .
 *(.ARM.exidx*)
 .ARM.exidx     0x08009b90        0x8 C:/Users/pc/AppData/Local/stm32cube/bundles/gnu-tools-for-stm32/14.3.1+st.2/bin/../lib/gcc/arm-none-eabi/14.3.1/thumb/v7e-m+fp/hard\libgcc.a(_udivmoddi4.o)
 .ARM.exidx     0x08009b98        0x0 C:/Users/pc/AppData/Local/stm32cube/bundles/gnu-tools-for-stm32/14.3.1+st.2/bin/../lib/gcc/arm-none-eabi/14.3.1/../../../../arm-none-eabi/lib/thumb/v7e-m+fp/hard\libg_nano.a(libc_a-memchr.o)
                                  0x8 (size before relaxing)
                0x08009b98                        __exidx_end = .
                0x08009b98                        . = ALIGN (0x4)

.preinit_array  0x08009b98        0x0
                0x08009b98                        . = ALIGN (0x4)
                0x08009b98                        PROVIDE (__preinit_array_start = .)
 *(.preinit_array*)
                0x08009b98                        PROVIDE (__preinit_array_end = .)
                0x08009b98                        . = ALIGN (0x4)

.init_array     0x08009b98        0x4
                0x08009b98                        . = ALIGN (0x4)
                0x08009b98                        PROVIDE (__init_array_start = .)
 *(SORT_BY_NAME(.init_array.*))
 *(.init_array*)
 .init_array    0x08009b98        0x4 C:/Users/pc/AppData/Local/stm32cube/bundles/gnu-tools-for-stm32/14.3.1+st.2/bin/../lib/gcc/arm-none-eabi/14.3.1/thumb/v7e-m+fp/hard/crtbegin.o
                0x08009b9c                        PROVIDE (__init_array_end = .)
                0x08009b9c                        . = ALIGN (0x4)

.fini_array     0x08009b9c        0x4
                0x08009b9c                        . = ALIGN (0x4)
                [!provide]                        PROVIDE (__fini_array_start = .)
 *(SORT_BY_NAME(.fini_array.*))
 *(.fini_array*)
 .fini_array    0x08009b9c        0x4 C:/Users/pc/AppData/Local/stm32cube/bundles/gnu-tools-for-stm32/14.3.1+st.2/bin/../lib/gcc/arm-none-eabi/14.3.1/thumb/v7e-m+fp/hard/crtbegin.o
                [!provide]                        PROVIDE (__fini_array_end = .)
                0x08009ba0                        . = ALIGN (0x4)
                0x08009ba0                        _siccmram = LOADADDR (.ccmram)

.rel.dyn        0x08009ba0        0x0
 .rel.iplt      0x08009ba0        0x0 C:/Users/pc/AppData/Local/stm32cube/bundles/gnu-tools-for-stm32/14.3.1+st.2/bin/../lib/gcc/arm-none-eabi/14.3.1/thumb/v7e-m+fp/hard/crtbegin.o

.ccmram         0x10000000        0x0 load address 0x08009ba0
                0x10000000                        . = ALIGN (0x4)
                0x10000000                        _sccmram = .
 *(.ccmram)
 *(.ccmram*)
                0x10000000                        . = ALIGN (0x4)
                0x10000000                        _eccmram = .
                0x08009ba0                        _sidata = LOADADDR (.data)

.data           0x20000000       0x8c load address 0x08009ba0
                0x20000000                        . = ALIGN (0x4)
                0x20000000                        _sdata = .
 *(.data)
 *(.data*)
 .data.SystemCoreClock
                0x20000000        0x4 cmake/stm32cubemx/CMakeFiles/STM32_Drivers.dir/__/__/Core/Src/system_stm32f4xx.c.obj
                0x20000000                SystemCoreClock
 .data.uwTickPrio
                0x20000004        0x4 cmake/stm32cubemx/CMakeFiles/STM32_Drivers.dir/__/__/Drivers/STM32F4xx_HAL_Driver/Src/stm32f4xx_hal.c.obj
                0x20000004                uwTickPrio
 .data.uwTickFreq
                0x20000008        0x1 cmake/stm32cubemx/CMakeFiles/STM32_Drivers.dir/__/__/Drivers/STM32F4xx_HAL_Driver/Src/stm32f4xx_hal.c.obj
                0x20000008                uwTickFreq
 *fill*         0x20000009        0x1 
 .data.control_voltage_mv
                0x2000000a        0x2 CMakeFiles/chengkongfangdaqi.dir/Core/Src/main.c.obj
 .data.dds_frequency_hz
                0x2000000c        0x4 CMakeFiles/chengkongfangdaqi.dir/Core/Src/main.c.obj
 .data.dds_amplitude_mvpp
                0x20000010        0x2 CMakeFiles/chengkongfangdaqi.dir/Core/Src/main.c.obj
 .data.dds_enabled
                0x20000012        0x1 CMakeFiles/chengkongfangdaqi.dir/Core/Src/main.c.obj
 *fill*         0x20000013        0x1 
 .data.key_up   0x20000014        0xc CMakeFiles/chengkongfangdaqi.dir/Core/Src/main.c.obj
 .data.key_down
                0x20000020        0xc CMakeFiles/chengkongfangdaqi.dir/Core/Src/main.c.obj
 .data.BACK_COLOR
                0x2000002c        0x2 CMakeFiles/chengkongfangdaqi.dir/Core/Src/lcd.c.obj
                0x2000002c                BACK_COLOR
 *fill*         0x2000002e        0x2 
 .data.__sglue  0x20000030        0xc C:/Users/pc/AppData/Local/stm32cube/bundles/gnu-tools-for-stm32/14.3.1+st.2/bin/../lib/gcc/arm-none-eabi/14.3.1/../../../../arm-none-eabi/lib/thumb/v7e-m+fp/hard\libg_nano.a(libc_a-findfp.o)
                0x20000030                __sglue
 .data._impure_ptr
                0x2000003c        0x4 C:/Users/pc/AppData/Local/stm32cube/bundles/gnu-tools-for-stm32/14.3.1+st.2/bin/../lib/gcc/arm-none-eabi/14.3.1/../../../../arm-none-eabi/lib/thumb/v7e-m+fp/hard\libg_nano.a(libc_a-impure.o)
                0x2000003c                _impure_ptr
 .data._impure_data
                0x20000040       0x4c C:/Users/pc/AppData/Local/stm32cube/bundles/gnu-tools-for-stm32/14.3.1+st.2/bin/../lib/gcc/arm-none-eabi/14.3.1/../../../../arm-none-eabi/lib/thumb/v7e-m+fp/hard\libg_nano.a(libc_a-impure.o)
                0x20000040                _impure_data
 *(.RamFunc)
 *(.RamFunc*)
                0x2000008c                        . = ALIGN (0x4)

.igot.plt       0x2000008c        0x0 load address 0x08009c2c
 .igot.plt      0x2000008c        0x0 C:/Users/pc/AppData/Local/stm32cube/bundles/gnu-tools-for-stm32/14.3.1+st.2/bin/../lib/gcc/arm-none-eabi/14.3.1/thumb/v7e-m+fp/hard/crtbegin.o

.tdata          0x2000008c        0x0 load address 0x08009c2c
 *(.tdata .tdata.* .gnu.linkonce.td.*)
                0x2000008c                        . = ALIGN (0x4)
                0x2000008c                        _edata = .
                [!provide]                        PROVIDE (__data_end = .)
                [!provide]                        PROVIDE (__tdata_end = .)
                [!provide]                        PROVIDE (__tdata_start = ADDR (.tdata))
                [!provide]                        PROVIDE (__tdata_size = (__tdata_end - __tdata_start))
                [!provide]                        PROVIDE (__data_start = ADDR (.data))
                [!provide]                        PROVIDE (__data_size = (__data_end - __data_start))
                [!provide]                        PROVIDE (__tdata_source = LOADADDR (.tdata))
                [!provide]                        PROVIDE (__tdata_source_end = (LOADADDR (.tdata) + SIZEOF (.tdata)))
                [!provide]                        PROVIDE (__tdata_source_size = (__tdata_source_end - __tdata_source))
                [!provide]                        PROVIDE (__data_source = LOADADDR (.data))
                [!provide]                        PROVIDE (__data_source_end = __tdata_source_end)
                [!provide]                        PROVIDE (__data_source_size = (__data_source_end - __data_source))

.tbss           0x2000008c        0x0 load address 0x08009c2c
                0x2000008c                        _sbss = .
                0x2000008c                        __bss_start__ = _sbss
 *(.tbss .tbss.*)
                0x2000008c                        . = ALIGN (0x4)
                [!provide]                        PROVIDE (__tbss_end = .)
                [!provide]                        PROVIDE (__tbss_start = ADDR (.tbss))
                [!provide]                        PROVIDE (__tbss_size = (__tbss_end - __tbss_start))
                [!provide]                        PROVIDE (__tbss_offset = (ADDR (.tbss) - ADDR (.tdata)))
                [!provide]                        PROVIDE (__tls_base = __tdata_start)
                [!provide]                        PROVIDE (__tls_end = __tbss_end)
                [!provide]                        PROVIDE (__tls_size = (__tls_end - __tls_base))
                [!provide]                        PROVIDE (__tls_align = MAX (ALIGNOF (.tdata), ALIGNOF (.tbss)))
                [!provide]                        PROVIDE (__tls_size_align = (((__tls_size + __tls_align) - 0x1) & ~ ((__tls_align - 0x1))))
                [!provide]                        PROVIDE (__arm32_tls_tcb_offset = MAX (0x8, __tls_align))
                [!provide]                        PROVIDE (__arm64_tls_tcb_offset = MAX (0x10, __tls_align))

.bss            0x2000008c      0x214 load address 0x08009c2c
 *(.bss)
 .bss           0x2000008c       0x1c C:/Users/pc/AppData/Local/stm32cube/bundles/gnu-tools-for-stm32/14.3.1+st.2/bin/../lib/gcc/arm-none-eabi/14.3.1/thumb/v7e-m+fp/hard/crtbegin.o
 *(.bss*)
 .bss.uwTick    0x200000a8        0x4 cmake/stm32cubemx/CMakeFiles/STM32_Drivers.dir/__/__/Drivers/STM32F4xx_HAL_Driver/Src/stm32f4xx_hal.c.obj
                0x200000a8                uwTick
 .bss.dds_ready
                0x200000ac        0x1 CMakeFiles/chengkongfangdaqi.dir/Core/Src/main.c.obj
 .bss.dds_apply_ok
                0x200000ad        0x1 CMakeFiles/chengkongfangdaqi.dir/Core/Src/main.c.obj
 *fill*         0x200000ae        0x2 
 .bss.touch_state
                0x200000b0        0xa CMakeFiles/chengkongfangdaqi.dir/Core/Src/main.c.obj
 .bss.touch_press_latched
                0x200000ba        0x1 CMakeFiles/chengkongfangdaqi.dir/Core/Src/main.c.obj
 *fill*         0x200000bb        0x1 
 .bss.touch_last_scan_tick
                0x200000bc        0x4 CMakeFiles/chengkongfangdaqi.dir/Core/Src/main.c.obj
 .bss.touch_release_start_tick
                0x200000c0        0x4 CMakeFiles/chengkongfangdaqi.dir/Core/Src/main.c.obj
 .bss.edit_field
                0x200000c4        0x1 CMakeFiles/chengkongfangdaqi.dir/Core/Src/main.c.obj
 *fill*         0x200000c5        0x3 
 .bss.edit_buffer
                0x200000c8        0xa CMakeFiles/chengkongfangdaqi.dir/Core/Src/main.c.obj
 .bss.edit_length
                0x200000d2        0x1 CMakeFiles/chengkongfangdaqi.dir/Core/Src/main.c.obj
 .bss.edit_invalid
                0x200000d3        0x1 CMakeFiles/chengkongfangdaqi.dir/Core/Src/main.c.obj
 .bss.hdac      0x200000d4       0x14 CMakeFiles/chengkongfangdaqi.dir/Core/Src/dac.c.obj
                0x200000d4                hdac
 .bss.hsram1    0x200000e8       0x50 CMakeFiles/chengkongfangdaqi.dir/Core/Src/fsmc.c.obj
                0x200000e8                hsram1
 .bss.FSMC_Initialized
                0x20000138        0x4 CMakeFiles/chengkongfangdaqi.dir/Core/Src/fsmc.c.obj
 .bss.__sbrk_heap_end
                0x2000013c        0x4 CMakeFiles/chengkongfangdaqi.dir/Core/Src/sysmem.c.obj
 .bss.POINT_COLOR
                0x20000140        0x2 CMakeFiles/chengkongfangdaqi.dir/Core/Src/lcd.c.obj
                0x20000140                POINT_COLOR
 *fill*         0x20000142        0x2 
 .bss.lcddev    0x20000144        0xe CMakeFiles/chengkongfangdaqi.dir/Core/Src/lcd.c.obj
                0x20000144                lcddev
 *fill*         0x20000152        0x2 
 .bss.__sf      0x20000154      0x138 C:/Users/pc/AppData/Local/stm32cube/bundles/gnu-tools-for-stm32/14.3.1+st.2/bin/../lib/gcc/arm-none-eabi/14.3.1/../../../../arm-none-eabi/lib/thumb/v7e-m+fp/hard\libg_nano.a(libc_a-findfp.o)
                0x20000154                __sf
 .bss.__stdio_exit_handler
                0x2000028c        0x4 C:/Users/pc/AppData/Local/stm32cube/bundles/gnu-tools-for-stm32/14.3.1+st.2/bin/../lib/gcc/arm-none-eabi/14.3.1/../../../../arm-none-eabi/lib/thumb/v7e-m+fp/hard\libg_nano.a(libc_a-findfp.o)
                0x2000028c                __stdio_exit_handler
 .bss.errno     0x20000290        0x4 C:/Users/pc/AppData/Local/stm32cube/bundles/gnu-tools-for-stm32/14.3.1+st.2/bin/../lib/gcc/arm-none-eabi/14.3.1/../../../../arm-none-eabi/lib/thumb/v7e-m+fp/hard\libg_nano.a(libc_a-reent.o)
                0x20000290                errno
 .bss.__lock___malloc_recursive_mutex
                0x20000294        0x1 C:/Users/pc/AppData/Local/stm32cube/bundles/gnu-tools-for-stm32/14.3.1+st.2/bin/../lib/gcc/arm-none-eabi/14.3.1/../../../../arm-none-eabi/lib/thumb/v7e-m+fp/hard\libg_nano.a(libc_a-lock.o)
                0x20000294                __lock___malloc_recursive_mutex
 .bss.__lock___sfp_recursive_mutex
                0x20000295        0x1 C:/Users/pc/AppData/Local/stm32cube/bundles/gnu-tools-for-stm32/14.3.1+st.2/bin/../lib/gcc/arm-none-eabi/14.3.1/../../../../arm-none-eabi/lib/thumb/v7e-m+fp/hard\libg_nano.a(libc_a-lock.o)
                0x20000295                __lock___sfp_recursive_mutex
 *fill*         0x20000296        0x2 
 .bss.__malloc_sbrk_start
                0x20000298        0x4 C:/Users/pc/AppData/Local/stm32cube/bundles/gnu-tools-for-stm32/14.3.1+st.2/bin/../lib/gcc/arm-none-eabi/14.3.1/../../../../arm-none-eabi/lib/thumb/v7e-m+fp/hard\libg_nano.a(libc_a-mallocr.o)
                0x20000298                __malloc_sbrk_start
 .bss.__malloc_free_list
                0x2000029c        0x4 C:/Users/pc/AppData/Local/stm32cube/bundles/gnu-tools-for-stm32/14.3.1+st.2/bin/../lib/gcc/arm-none-eabi/14.3.1/../../../../arm-none-eabi/lib/thumb/v7e-m+fp/hard\libg_nano.a(libc_a-mallocr.o)
                0x2000029c                __malloc_free_list
 *(COMMON)
                0x200002a0                        . = ALIGN (0x4)
                0x200002a0                        _ebss = .
                0x200002a0                        __bss_end__ = _ebss
                [!provide]                        PROVIDE (__bss_end = .)
                [!provide]                        PROVIDE (__non_tls_bss_start = ADDR (.bss))
                [!provide]                        PROVIDE (__bss_start = __tbss_start)
                [!provide]                        PROVIDE (__bss_size = (__bss_end - __bss_start))

._user_heap_stack
                0x200002a0      0x600 load address 0x08009c2c
                0x200002a0                        . = ALIGN (0x8)
                [!provide]                        PROVIDE (end = .)
                0x200002a0                        PROVIDE (_end = .)
                0x200004a0                        . = (. + _Min_Heap_Size)
 *fill*         0x200002a0      0x200 
                0x200008a0                        . = (. + _Min_Stack_Size)
 *fill*         0x200004a0      0x400 
                0x200008a0                        . = ALIGN (0x8)

/DISCARD/
 libc.a:*(*)
 libm.a:*(*)
 libgcc.a:*(*)
OUTPUT(chengkongfangdaqi.elf elf32-littlearm)
LOAD linker stubs

.ARM.attributes
                0x00000000       0x30
 .ARM.attributes
                0x00000000       0x22 C:/Users/pc/AppData/Local/stm32cube/bundles/gnu-tools-for-stm32/14.3.1+st.2/bin/../lib/gcc/arm-none-eabi/14.3.1/thumb/v7e-m+fp/hard/crti.o
 .ARM.attributes
                0x00000022       0x34 C:/Users/pc/AppData/Local/stm32cube/bundles/gnu-tools-for-stm32/14.3.1+st.2/bin/../lib/gcc/arm-none-eabi/14.3.1/thumb/v7e-m+fp/hard/crtbegin.o
 .ARM.attributes
                0x00000056       0x34 cmake/stm32cubemx/CMakeFiles/STM32_Drivers.dir/__/__/Core/Src/system_stm32f4xx.c.obj
 .ARM.attributes
                0x0000008a       0x34 cmake/stm32cubemx/CMakeFiles/STM32_Drivers.dir/__/__/Drivers/STM32F4xx_HAL_Driver/Src/stm32f4xx_hal_dac.c.obj
 .ARM.attributes
                0x000000be       0x34 cmake/stm32cubemx/CMakeFiles/STM32_Drivers.dir/__/__/Drivers/STM32F4xx_HAL_Driver/Src/stm32f4xx_hal_rcc.c.obj
 .ARM.attributes
                0x000000f2       0x34 cmake/stm32cubemx/CMakeFiles/STM32_Drivers.dir/__/__/Drivers/STM32F4xx_HAL_Driver/Src/stm32f4xx_hal_gpio.c.obj
 .ARM.attributes
                0x00000126       0x34 cmake/stm32cubemx/CMakeFiles/STM32_Drivers.dir/__/__/Drivers/STM32F4xx_HAL_Driver/Src/stm32f4xx_hal_cortex.c.obj
 .ARM.attributes
                0x0000015a       0x34 cmake/stm32cubemx/CMakeFiles/STM32_Drivers.dir/__/__/Drivers/STM32F4xx_HAL_Driver/Src/stm32f4xx_hal.c.obj
 .ARM.attributes
                0x0000018e       0x34 cmake/stm32cubemx/CMakeFiles/STM32_Drivers.dir/__/__/Drivers/STM32F4xx_HAL_Driver/Src/stm32f4xx_ll_fsmc.c.obj
 .ARM.attributes
                0x000001c2       0x34 cmake/stm32cubemx/CMakeFiles/STM32_Drivers.dir/__/__/Drivers/STM32F4xx_HAL_Driver/Src/stm32f4xx_hal_sram.c.obj
 .ARM.attributes
                0x000001f6       0x34 CMakeFiles/chengkongfangdaqi.dir/Core/Src/main.c.obj
 .ARM.attributes
                0x0000022a       0x34 CMakeFiles/chengkongfangdaqi.dir/Core/Src/gpio.c.obj
 .ARM.attributes
                0x0000025e       0x34 CMakeFiles/chengkongfangdaqi.dir/Core/Src/dac.c.obj
 .ARM.attributes
                0x00000292       0x34 CMakeFiles/chengkongfangdaqi.dir/Core/Src/fsmc.c.obj
 .ARM.attributes
                0x000002c6       0x34 CMakeFiles/chengkongfangdaqi.dir/Core/Src/stm32f4xx_it.c.obj
 .ARM.attributes
                0x000002fa       0x34 CMakeFiles/chengkongfangdaqi.dir/Core/Src/stm32f4xx_hal_msp.c.obj
 .ARM.attributes
                0x0000032e       0x34 CMakeFiles/chengkongfangdaqi.dir/Core/Src/sysmem.c.obj
 .ARM.attributes
                0x00000362       0x34 CMakeFiles/chengkongfangdaqi.dir/Core/Src/syscalls.c.obj
 .ARM.attributes
                0x00000396       0x21 CMakeFiles/chengkongfangdaqi.dir/startup_stm32f407xx.s.obj
 .ARM.attributes
                0x000003b7       0x34 CMakeFiles/chengkongfangdaqi.dir/Core/Src/lcd.c.obj
 .ARM.attributes
                0x000003eb       0x34 CMakeFiles/chengkongfangdaqi.dir/Core/Src/ad9954.c.obj
 .ARM.attributes
                0x0000041f       0x34 CMakeFiles/chengkongfangdaqi.dir/Core/Src/touch.c.obj
 .ARM.attributes
                0x00000453       0x22 C:/Users/pc/AppData/Local/stm32cube/bundles/gnu-tools-for-stm32/14.3.1+st.2/bin/../lib/gcc/arm-none-eabi/14.3.1/thumb/v7e-m+fp/hard\libgcc.a(_arm_muldf3.o)
 .ARM.attributes
                0x00000475       0x22 C:/Users/pc/AppData/Local/stm32cube/bundles/gnu-tools-for-stm32/14.3.1+st.2/bin/../lib/gcc/arm-none-eabi/14.3.1/thumb/v7e-m+fp/hard\libgcc.a(_arm_addsubdf3.o)
 .ARM.attributes
                0x00000497       0x22 C:/Users/pc/AppData/Local/stm32cube/bundles/gnu-tools-for-stm32/14.3.1+st.2/bin/../lib/gcc/arm-none-eabi/14.3.1/thumb/v7e-m+fp/hard\libgcc.a(_arm_fixunsdfsi.o)
 .ARM.attributes
                0x000004b9       0x22 C:/Users/pc/AppData/Local/stm32cube/bundles/gnu-tools-for-stm32/14.3.1+st.2/bin/../lib/gcc/arm-none-eabi/14.3.1/thumb/v7e-m+fp/hard\libgcc.a(_aeabi_uldivmod.o)
 .ARM.attributes
                0x000004db       0x34 C:/Users/pc/AppData/Local/stm32cube/bundles/gnu-tools-for-stm32/14.3.1+st.2/bin/../lib/gcc/arm-none-eabi/14.3.1/thumb/v7e-m+fp/hard\libgcc.a(_udivmoddi4.o)
 .ARM.attributes
                0x0000050f       0x22 C:/Users/pc/AppData/Local/stm32cube/bundles/gnu-tools-for-stm32/14.3.1+st.2/bin/../lib/gcc/arm-none-eabi/14.3.1/thumb/v7e-m+fp/hard\libgcc.a(_dvmd_tls.o)
 .ARM.attributes
                0x00000531       0x34 C:/Users/pc/AppData/Local/stm32cube/bundles/gnu-tools-for-stm32/14.3.1+st.2/bin/../lib/gcc/arm-none-eabi/14.3.1/../../../../arm-none-eabi/lib/thumb/v7e-m+fp/hard\libg_nano.a(libc_a-findfp.o)
 .ARM.attributes
                0x00000565       0x34 C:/Users/pc/AppData/Local/stm32cube/bundles/gnu-tools-for-stm32/14.3.1+st.2/bin/../lib/gcc/arm-none-eabi/14.3.1/../../../../arm-none-eabi/lib/thumb/v7e-m+fp/hard\libg_nano.a(libc_a-fwalk.o)
 .ARM.attributes
                0x00000599       0x34 C:/Users/pc/AppData/Local/stm32cube/bundles/gnu-tools-for-stm32/14.3.1+st.2/bin/../lib/gcc/arm-none-eabi/14.3.1/../../../../arm-none-eabi/lib/thumb/v7e-m+fp/hard\libg_nano.a(libc_a-printf.o)
 .ARM.attributes
                0x000005cd       0x34 C:/Users/pc/AppData/Local/stm32cube/bundles/gnu-tools-for-stm32/14.3.1+st.2/bin/../lib/gcc/arm-none-eabi/14.3.1/../../../../arm-none-eabi/lib/thumb/v7e-m+fp/hard\libg_nano.a(libc_a-stdio.o)
 .ARM.attributes
                0x00000601       0x34 C:/Users/pc/AppData/Local/stm32cube/bundles/gnu-tools-for-stm32/14.3.1+st.2/bin/../lib/gcc/arm-none-eabi/14.3.1/../../../../arm-none-eabi/lib/thumb/v7e-m+fp/hard\libg_nano.a(libc_a-memset.o)
 .ARM.attributes
                0x00000635       0x34 C:/Users/pc/AppData/Local/stm32cube/bundles/gnu-tools-for-stm32/14.3.1+st.2/bin/../lib/gcc/arm-none-eabi/14.3.1/../../../../arm-none-eabi/lib/thumb/v7e-m+fp/hard\libg_nano.a(libc_a-closer.o)
 .ARM.attributes
                0x00000669       0x34 C:/Users/pc/AppData/Local/stm32cube/bundles/gnu-tools-for-stm32/14.3.1+st.2/bin/../lib/gcc/arm-none-eabi/14.3.1/../../../../arm-none-eabi/lib/thumb/v7e-m+fp/hard\libg_nano.a(libc_a-reent.o)
 .ARM.attributes
                0x0000069d       0x34 C:/Users/pc/AppData/Local/stm32cube/bundles/gnu-tools-for-stm32/14.3.1+st.2/bin/../lib/gcc/arm-none-eabi/14.3.1/../../../../arm-none-eabi/lib/thumb/v7e-m+fp/hard\libg_nano.a(libc_a-impure.o)
 .ARM.attributes
                0x000006d1       0x34 C:/Users/pc/AppData/Local/stm32cube/bundles/gnu-tools-for-stm32/14.3.1+st.2/bin/../lib/gcc/arm-none-eabi/14.3.1/../../../../arm-none-eabi/lib/thumb/v7e-m+fp/hard\libg_nano.a(libc_a-lseekr.o)
 .ARM.attributes
                0x00000705       0x34 C:/Users/pc/AppData/Local/stm32cube/bundles/gnu-tools-for-stm32/14.3.1+st.2/bin/../lib/gcc/arm-none-eabi/14.3.1/../../../../arm-none-eabi/lib/thumb/v7e-m+fp/hard\libg_nano.a(libc_a-readr.o)
 .ARM.attributes
                0x00000739       0x34 C:/Users/pc/AppData/Local/stm32cube/bundles/gnu-tools-for-stm32/14.3.1+st.2/bin/../lib/gcc/arm-none-eabi/14.3.1/../../../../arm-none-eabi/lib/thumb/v7e-m+fp/hard\libg_nano.a(libc_a-writer.o)
 .ARM.attributes
                0x0000076d       0x34 C:/Users/pc/AppData/Local/stm32cube/bundles/gnu-tools-for-stm32/14.3.1+st.2/bin/../lib/gcc/arm-none-eabi/14.3.1/../../../../arm-none-eabi/lib/thumb/v7e-m+fp/hard\libg_nano.a(libc_a-errno.o)
 .ARM.attributes
                0x000007a1       0x34 C:/Users/pc/AppData/Local/stm32cube/bundles/gnu-tools-for-stm32/14.3.1+st.2/bin/../lib/gcc/arm-none-eabi/14.3.1/../../../../arm-none-eabi/lib/thumb/v7e-m+fp/hard\libg_nano.a(libc_a-init.o)
 .ARM.attributes
                0x000007d5       0x34 C:/Users/pc/AppData/Local/stm32cube/bundles/gnu-tools-for-stm32/14.3.1+st.2/bin/../lib/gcc/arm-none-eabi/14.3.1/../../../../arm-none-eabi/lib/thumb/v7e-m+fp/hard\libg_nano.a(libc_a-lock.o)
 .ARM.attributes
                0x00000809       0x34 C:/Users/pc/AppData/Local/stm32cube/bundles/gnu-tools-for-stm32/14.3.1+st.2/bin/../lib/gcc/arm-none-eabi/14.3.1/../../../../arm-none-eabi/lib/thumb/v7e-m+fp/hard\libg_nano.a(libc_a-freer.o)
 .ARM.attributes
                0x0000083d       0x34 C:/Users/pc/AppData/Local/stm32cube/bundles/gnu-tools-for-stm32/14.3.1+st.2/bin/../lib/gcc/arm-none-eabi/14.3.1/../../../../arm-none-eabi/lib/thumb/v7e-m+fp/hard\libg_nano.a(libc_a-mallocr.o)
 .ARM.attributes
                0x00000871       0x34 C:/Users/pc/AppData/Local/stm32cube/bundles/gnu-tools-for-stm32/14.3.1+st.2/bin/../lib/gcc/arm-none-eabi/14.3.1/../../../../arm-none-eabi/lib/thumb/v7e-m+fp/hard\libg_nano.a(libc_a-mlock.o)
 .ARM.attributes
                0x000008a5       0x34 C:/Users/pc/AppData/Local/stm32cube/bundles/gnu-tools-for-stm32/14.3.1+st.2/bin/../lib/gcc/arm-none-eabi/14.3.1/../../../../arm-none-eabi/lib/thumb/v7e-m+fp/hard\libg_nano.a(libc_a-nano-vfprintf.o)
 .ARM.attributes
                0x000008d9       0x34 C:/Users/pc/AppData/Local/stm32cube/bundles/gnu-tools-for-stm32/14.3.1+st.2/bin/../lib/gcc/arm-none-eabi/14.3.1/../../../../arm-none-eabi/lib/thumb/v7e-m+fp/hard\libg_nano.a(libc_a-nano-vfprintf_i.o)
 .ARM.attributes
                0x0000090d       0x34 C:/Users/pc/AppData/Local/stm32cube/bundles/gnu-tools-for-stm32/14.3.1+st.2/bin/../lib/gcc/arm-none-eabi/14.3.1/../../../../arm-none-eabi/lib/thumb/v7e-m+fp/hard\libg_nano.a(libc_a-fflush.o)
 .ARM.attributes
                0x00000941       0x34 C:/Users/pc/AppData/Local/stm32cube/bundles/gnu-tools-for-stm32/14.3.1+st.2/bin/../lib/gcc/arm-none-eabi/14.3.1/../../../../arm-none-eabi/lib/thumb/v7e-m+fp/hard\libg_nano.a(libc_a-wbuf.o)
 .ARM.attributes
                0x00000975       0x34 C:/Users/pc/AppData/Local/stm32cube/bundles/gnu-tools-for-stm32/14.3.1+st.2/bin/../lib/gcc/arm-none-eabi/14.3.1/../../../../arm-none-eabi/lib/thumb/v7e-m+fp/hard\libg_nano.a(libc_a-wsetup.o)
 .ARM.attributes
                0x000009a9       0x34 C:/Users/pc/AppData/Local/stm32cube/bundles/gnu-tools-for-stm32/14.3.1+st.2/bin/../lib/gcc/arm-none-eabi/14.3.1/../../../../arm-none-eabi/lib/thumb/v7e-m+fp/hard\libg_nano.a(libc_a-sbrkr.o)
 .ARM.attributes
                0x000009dd       0x1c C:/Users/pc/AppData/Local/stm32cube/bundles/gnu-tools-for-stm32/14.3.1+st.2/bin/../lib/gcc/arm-none-eabi/14.3.1/../../../../arm-none-eabi/lib/thumb/v7e-m+fp/hard\libg_nano.a(libc_a-memchr.o)
 .ARM.attributes
                0x000009f9       0x34 C:/Users/pc/AppData/Local/stm32cube/bundles/gnu-tools-for-stm32/14.3.1+st.2/bin/../lib/gcc/arm-none-eabi/14.3.1/../../../../arm-none-eabi/lib/thumb/v7e-m+fp/hard\libg_nano.a(libc_a-makebuf.o)
 .ARM.attributes
                0x00000a2d       0x34 C:/Users/pc/AppData/Local/stm32cube/bundles/gnu-tools-for-stm32/14.3.1+st.2/bin/../lib/gcc/arm-none-eabi/14.3.1/../../../../arm-none-eabi/lib/thumb/v7e-m+fp/hard\libg_nano.a(libc_a-fstatr.o)
 .ARM.attributes
                0x00000a61       0x34 C:/Users/pc/AppData/Local/stm32cube/bundles/gnu-tools-for-stm32/14.3.1+st.2/bin/../lib/gcc/arm-none-eabi/14.3.1/../../../../arm-none-eabi/lib/thumb/v7e-m+fp/hard\libg_nano.a(libc_a-isattyr.o)
 .ARM.attributes
                0x00000a95       0x22 C:/Users/pc/AppData/Local/stm32cube/bundles/gnu-tools-for-stm32/14.3.1+st.2/bin/../lib/gcc/arm-none-eabi/14.3.1/thumb/v7e-m+fp/hard/crtn.o

.comment        0x00000000       0x43
 .comment       0x00000000       0x43 cmake/stm32cubemx/CMakeFiles/STM32_Drivers.dir/__/__/Core/Src/system_stm32f4xx.c.obj
                                 0x44 (size before relaxing)
 .comment       0x00000043       0x44 cmake/stm32cubemx/CMakeFiles/STM32_Drivers.dir/__/__/Drivers/STM32F4xx_HAL_Driver/Src/stm32f4xx_hal_dac.c.obj
 .comment       0x00000043       0x44 cmake/stm32cubemx/CMakeFiles/STM32_Drivers.dir/__/__/Drivers/STM32F4xx_HAL_Driver/Src/stm32f4xx_hal_rcc.c.obj
 .comment       0x00000043       0x44 cmake/stm32cubemx/CMakeFiles/STM32_Drivers.dir/__/__/Drivers/STM32F4xx_HAL_Driver/Src/stm32f4xx_hal_gpio.c.obj
 .comment       0x00000043       0x44 cmake/stm32cubemx/CMakeFiles/STM32_Drivers.dir/__/__/Drivers/STM32F4xx_HAL_Driver/Src/stm32f4xx_hal_cortex.c.obj
 .comment       0x00000043       0x44 cmake/stm32cubemx/CMakeFiles/STM32_Drivers.dir/__/__/Drivers/STM32F4xx_HAL_Driver/Src/stm32f4xx_hal.c.obj
 .comment       0x00000043       0x44 cmake/stm32cubemx/CMakeFiles/STM32_Drivers.dir/__/__/Drivers/STM32F4xx_HAL_Driver/Src/stm32f4xx_ll_fsmc.c.obj
 .comment       0x00000043       0x44 cmake/stm32cubemx/CMakeFiles/STM32_Drivers.dir/__/__/Drivers/STM32F4xx_HAL_Driver/Src/stm32f4xx_hal_sram.c.obj
 .comment       0x00000043       0x44 CMakeFiles/chengkongfangdaqi.dir/Core/Src/main.c.obj
 .comment       0x00000043       0x44 CMakeFiles/chengkongfangdaqi.dir/Core/Src/gpio.c.obj
 .comment       0x00000043       0x44 CMakeFiles/chengkongfangdaqi.dir/Core/Src/dac.c.obj
 .comment       0x00000043       0x44 CMakeFiles/chengkongfangdaqi.dir/Core/Src/fsmc.c.obj
 .comment       0x00000043       0x44 CMakeFiles/chengkongfangdaqi.dir/Core/Src/stm32f4xx_it.c.obj
 .comment       0x00000043       0x44 CMakeFiles/chengkongfangdaqi.dir/Core/Src/stm32f4xx_hal_msp.c.obj
 .comment       0x00000043       0x44 CMakeFiles/chengkongfangdaqi.dir/Core/Src/sysmem.c.obj
 .comment       0x00000043       0x44 CMakeFiles/chengkongfangdaqi.dir/Core/Src/syscalls.c.obj
 .comment       0x00000043       0x44 CMakeFiles/chengkongfangdaqi.dir/Core/Src/lcd.c.obj
 .comment       0x00000043       0x44 CMakeFiles/chengkongfangdaqi.dir/Core/Src/ad9954.c.obj
 .comment       0x00000043       0x44 CMakeFiles/chengkongfangdaqi.dir/Core/Src/touch.c.obj
 .comment       0x00000043       0x44 C:/Users/pc/AppData/Local/stm32cube/bundles/gnu-tools-for-stm32/14.3.1+st.2/bin/../lib/gcc/arm-none-eabi/14.3.1/../../../../arm-none-eabi/lib/thumb/v7e-m+fp/hard\libg_nano.a(libc_a-findfp.o)
 .comment       0x00000043       0x44 C:/Users/pc/AppData/Local/stm32cube/bundles/gnu-tools-for-stm32/14.3.1+st.2/bin/../lib/gcc/arm-none-eabi/14.3.1/../../../../arm-none-eabi/lib/thumb/v7e-m+fp/hard\libg_nano.a(libc_a-fwalk.o)
 .comment       0x00000043       0x44 C:/Users/pc/AppData/Local/stm32cube/bundles/gnu-tools-for-stm32/14.3.1+st.2/bin/../lib/gcc/arm-none-eabi/14.3.1/../../../../arm-none-eabi/lib/thumb/v7e-m+fp/hard\libg_nano.a(libc_a-printf.o)
 .comment       0x00000043       0x44 C:/Users/pc/AppData/Local/stm32cube/bundles/gnu-tools-for-stm32/14.3.1+st.2/bin/../lib/gcc/arm-none-eabi/14.3.1/../../../../arm-none-eabi/lib/thumb/v7e-m+fp/hard\libg_nano.a(libc_a-stdio.o)
 .comment       0x00000043       0x44 C:/Users/pc/AppData/Local/stm32cube/bundles/gnu-tools-for-stm32/14.3.1+st.2/bin/../lib/gcc/arm-none-eabi/14.3.1/../../../../arm-none-eabi/lib/thumb/v7e-m+fp/hard\libg_nano.a(libc_a-memset.o)
 .comment       0x00000043       0x44 C:/Users/pc/AppData/Local/stm32cube/bundles/gnu-tools-for-stm32/14.3.1+st.2/bin/../lib/gcc/arm-none-eabi/14.3.1/../../../../arm-none-eabi/lib/thumb/v7e-m+fp/hard\libg_nano.a(libc_a-closer.o)
 .comment       0x00000043       0x44 C:/Users/pc/AppData/Local/stm32cube/bundles/gnu-tools-for-stm32/14.3.1+st.2/bin/../lib/gcc/arm-none-eabi/14.3.1/../../../../arm-none-eabi/lib/thumb/v7e-m+fp/hard\libg_nano.a(libc_a-reent.o)
 .comment       0x00000043       0x44 C:/Users/pc/AppData/Local/stm32cube/bundles/gnu-tools-for-stm32/14.3.1+st.2/bin/../lib/gcc/arm-none-eabi/14.3.1/../../../../arm-none-eabi/lib/thumb/v7e-m+fp/hard\libg_nano.a(libc_a-impure.o)
 .comment       0x00000043       0x44 C:/Users/pc/AppData/Local/stm32cube/bundles/gnu-tools-for-stm32/14.3.1+st.2/bin/../lib/gcc/arm-none-eabi/14.3.1/../../../../arm-none-eabi/lib/thumb/v7e-m+fp/hard\libg_nano.a(libc_a-lseekr.o)
 .comment       0x00000043       0x44 C:/Users/pc/AppData/Local/stm32cube/bundles/gnu-tools-for-stm32/14.3.1+st.2/bin/../lib/gcc/arm-none-eabi/14.3.1/../../../../arm-none-eabi/lib/thumb/v7e-m+fp/hard\libg_nano.a(libc_a-readr.o)
 .comment       0x00000043       0x44 C:/Users/pc/AppData/Local/stm32cube/bundles/gnu-tools-for-stm32/14.3.1+st.2/bin/../lib/gcc/arm-none-eabi/14.3.1/../../../../arm-none-eabi/lib/thumb/v7e-m+fp/hard\libg_nano.a(libc_a-writer.o)
 .comment       0x00000043       0x44 C:/Users/pc/AppData/Local/stm32cube/bundles/gnu-tools-for-stm32/14.3.1+st.2/bin/../lib/gcc/arm-none-eabi/14.3.1/../../../../arm-none-eabi/lib/thumb/v7e-m+fp/hard\libg_nano.a(libc_a-errno.o)
 .comment       0x00000043       0x44 C:/Users/pc/AppData/Local/stm32cube/bundles/gnu-tools-for-stm32/14.3.1+st.2/bin/../lib/gcc/arm-none-eabi/14.3.1/../../../../arm-none-eabi/lib/thumb/v7e-m+fp/hard\libg_nano.a(libc_a-init.o)
 .comment       0x00000043       0x44 C:/Users/pc/AppData/Local/stm32cube/bundles/gnu-tools-for-stm32/14.3.1+st.2/bin/../lib/gcc/arm-none-eabi/14.3.1/../../../../arm-none-eabi/lib/thumb/v7e-m+fp/hard\libg_nano.a(libc_a-lock.o)
 .comment       0x00000043       0x44 C:/Users/pc/AppData/Local/stm32cube/bundles/gnu-tools-for-stm32/14.3.1+st.2/bin/../lib/gcc/arm-none-eabi/14.3.1/../../../../arm-none-eabi/lib/thumb/v7e-m+fp/hard\libg_nano.a(libc_a-freer.o)
 .comment       0x00000043       0x44 C:/Users/pc/AppData/Local/stm32cube/bundles/gnu-tools-for-stm32/14.3.1+st.2/bin/../lib/gcc/arm-none-eabi/14.3.1/../../../../arm-none-eabi/lib/thumb/v7e-m+fp/hard\libg_nano.a(libc_a-mallocr.o)
 .comment       0x00000043       0x44 C:/Users/pc/AppData/Local/stm32cube/bundles/gnu-tools-for-stm32/14.3.1+st.2/bin/../lib/gcc/arm-none-eabi/14.3.1/../../../../arm-none-eabi/lib/thumb/v7e-m+fp/hard\libg_nano.a(libc_a-mlock.o)
 .comment       0x00000043       0x44 C:/Users/pc/AppData/Local/stm32cube/bundles/gnu-tools-for-stm32/14.3.1+st.2/bin/../lib/gcc/arm-none-eabi/14.3.1/../../../../arm-none-eabi/lib/thumb/v7e-m+fp/hard\libg_nano.a(libc_a-nano-vfprintf.o)
 .comment       0x00000043       0x44 C:/Users/pc/AppData/Local/stm32cube/bundles/gnu-tools-for-stm32/14.3.1+st.2/bin/../lib/gcc/arm-none-eabi/14.3.1/../../../../arm-none-eabi/lib/thumb/v7e-m+fp/hard\libg_nano.a(libc_a-nano-vfprintf_i.o)
 .comment       0x00000043       0x44 C:/Users/pc/AppData/Local/stm32cube/bundles/gnu-tools-for-stm32/14.3.1+st.2/bin/../lib/gcc/arm-none-eabi/14.3.1/../../../../arm-none-eabi/lib/thumb/v7e-m+fp/hard\libg_nano.a(libc_a-fflush.o)
 .comment       0x00000043       0x44 C:/Users/pc/AppData/Local/stm32cube/bundles/gnu-tools-for-stm32/14.3.1+st.2/bin/../lib/gcc/arm-none-eabi/14.3.1/../../../../arm-none-eabi/lib/thumb/v7e-m+fp/hard\libg_nano.a(libc_a-wbuf.o)
 .comment       0x00000043       0x44 C:/Users/pc/AppData/Local/stm32cube/bundles/gnu-tools-for-stm32/14.3.1+st.2/bin/../lib/gcc/arm-none-eabi/14.3.1/../../../../arm-none-eabi/lib/thumb/v7e-m+fp/hard\libg_nano.a(libc_a-wsetup.o)
 .comment       0x00000043       0x44 C:/Users/pc/AppData/Local/stm32cube/bundles/gnu-tools-for-stm32/14.3.1+st.2/bin/../lib/gcc/arm-none-eabi/14.3.1/../../../../arm-none-eabi/lib/thumb/v7e-m+fp/hard\libg_nano.a(libc_a-sbrkr.o)
 .comment       0x00000043       0x44 C:/Users/pc/AppData/Local/stm32cube/bundles/gnu-tools-for-stm32/14.3.1+st.2/bin/../lib/gcc/arm-none-eabi/14.3.1/../../../../arm-none-eabi/lib/thumb/v7e-m+fp/hard\libg_nano.a(libc_a-makebuf.o)
 .comment       0x00000043       0x44 C:/Users/pc/AppData/Local/stm32cube/bundles/gnu-tools-for-stm32/14.3.1+st.2/bin/../lib/gcc/arm-none-eabi/14.3.1/../../../../arm-none-eabi/lib/thumb/v7e-m+fp/hard\libg_nano.a(libc_a-fstatr.o)
 .comment       0x00000043       0x44 C:/Users/pc/AppData/Local/stm32cube/bundles/gnu-tools-for-stm32/14.3.1+st.2/bin/../lib/gcc/arm-none-eabi/14.3.1/../../../../arm-none-eabi/lib/thumb/v7e-m+fp/hard\libg_nano.a(libc_a-isattyr.o)

.debug_info     0x00000000    0x17bb2
 .debug_info    0x00000000      0x512 cmake/stm32cubemx/CMakeFiles/STM32_Drivers.dir/__/__/Core/Src/system_stm32f4xx.c.obj
 .debug_info    0x00000512      0xa01 cmake/stm32cubemx/CMakeFiles/STM32_Drivers.dir/__/__/Drivers/STM32F4xx_HAL_Driver/Src/stm32f4xx_hal_dac.c.obj
 .debug_info    0x00000f13      0x8c3 cmake/stm32cubemx/CMakeFiles/STM32_Drivers.dir/__/__/Drivers/STM32F4xx_HAL_Driver/Src/stm32f4xx_hal_rcc.c.obj
 .debug_info    0x000017d6      0x6c3 cmake/stm32cubemx/CMakeFiles/STM32_Drivers.dir/__/__/Drivers/STM32F4xx_HAL_Driver/Src/stm32f4xx_hal_gpio.c.obj
 .debug_info    0x00001e99      0xd8c cmake/stm32cubemx/CMakeFiles/STM32_Drivers.dir/__/__/Drivers/STM32F4xx_HAL_Driver/Src/stm32f4xx_hal_cortex.c.obj
 .debug_info    0x00002c25      0x944 cmake/stm32cubemx/CMakeFiles/STM32_Drivers.dir/__/__/Drivers/STM32F4xx_HAL_Driver/Src/stm32f4xx_hal.c.obj
 .debug_info    0x00003569      0x9a5 cmake/stm32cubemx/CMakeFiles/STM32_Drivers.dir/__/__/Drivers/STM32F4xx_HAL_Driver/Src/stm32f4xx_ll_fsmc.c.obj
 .debug_info    0x00003f0e      0xd48 cmake/stm32cubemx/CMakeFiles/STM32_Drivers.dir/__/__/Drivers/STM32F4xx_HAL_Driver/Src/stm32f4xx_hal_sram.c.obj
 .debug_info    0x00004c56     0x118e CMakeFiles/chengkongfangdaqi.dir/Core/Src/main.c.obj
 .debug_info    0x00005de4      0x3e4 CMakeFiles/chengkongfangdaqi.dir/Core/Src/gpio.c.obj
 .debug_info    0x000061c8      0x881 CMakeFiles/chengkongfangdaqi.dir/Core/Src/dac.c.obj
 .debug_info    0x00006a49      0x9e0 CMakeFiles/chengkongfangdaqi.dir/Core/Src/fsmc.c.obj
 .debug_info    0x00007429      0x112 CMakeFiles/chengkongfangdaqi.dir/Core/Src/stm32f4xx_it.c.obj
 .debug_info    0x0000753b      0x269 CMakeFiles/chengkongfangdaqi.dir/Core/Src/stm32f4xx_hal_msp.c.obj
 .debug_info    0x000077a4      0x168 CMakeFiles/chengkongfangdaqi.dir/Core/Src/sysmem.c.obj
 .debug_info    0x0000790c      0x6b4 CMakeFiles/chengkongfangdaqi.dir/Core/Src/syscalls.c.obj
 .debug_info    0x00007fc0       0x30 CMakeFiles/chengkongfangdaqi.dir/startup_stm32f407xx.s.obj
 .debug_info    0x00007ff0     0x1174 CMakeFiles/chengkongfangdaqi.dir/Core/Src/lcd.c.obj
 .debug_info    0x00009164      0x71d CMakeFiles/chengkongfangdaqi.dir/Core/Src/ad9954.c.obj
 .debug_info    0x00009881      0x9f0 CMakeFiles/chengkongfangdaqi.dir/Core/Src/touch.c.obj
 .debug_info    0x0000a271      0xfb8 C:/Users/pc/AppData/Local/stm32cube/bundles/gnu-tools-for-stm32/14.3.1+st.2/bin/../lib/gcc/arm-none-eabi/14.3.1/../../../../arm-none-eabi/lib/thumb/v7e-m+fp/hard\libg_nano.a(libc_a-findfp.o)
 .debug_info    0x0000b229      0x7d2 C:/Users/pc/AppData/Local/stm32cube/bundles/gnu-tools-for-stm32/14.3.1+st.2/bin/../lib/gcc/arm-none-eabi/14.3.1/../../../../arm-none-eabi/lib/thumb/v7e-m+fp/hard\libg_nano.a(libc_a-fwalk.o)
 .debug_info    0x0000b9fb      0x841 C:/Users/pc/AppData/Local/stm32cube/bundles/gnu-tools-for-stm32/14.3.1+st.2/bin/../lib/gcc/arm-none-eabi/14.3.1/../../../../arm-none-eabi/lib/thumb/v7e-m+fp/hard\libg_nano.a(libc_a-printf.o)
 .debug_info    0x0000c23c      0xa90 C:/Users/pc/AppData/Local/stm32cube/bundles/gnu-tools-for-stm32/14.3.1+st.2/bin/../lib/gcc/arm-none-eabi/14.3.1/../../../../arm-none-eabi/lib/thumb/v7e-m+fp/hard\libg_nano.a(libc_a-stdio.o)
 .debug_info    0x0000cccc       0xe0 C:/Users/pc/AppData/Local/stm32cube/bundles/gnu-tools-for-stm32/14.3.1+st.2/bin/../lib/gcc/arm-none-eabi/14.3.1/../../../../arm-none-eabi/lib/thumb/v7e-m+fp/hard\libg_nano.a(libc_a-memset.o)
 .debug_info    0x0000cdac      0x75d C:/Users/pc/AppData/Local/stm32cube/bundles/gnu-tools-for-stm32/14.3.1+st.2/bin/../lib/gcc/arm-none-eabi/14.3.1/../../../../arm-none-eabi/lib/thumb/v7e-m+fp/hard\libg_nano.a(libc_a-closer.o)
 .debug_info    0x0000d509      0x8a1 C:/Users/pc/AppData/Local/stm32cube/bundles/gnu-tools-for-stm32/14.3.1+st.2/bin/../lib/gcc/arm-none-eabi/14.3.1/../../../../arm-none-eabi/lib/thumb/v7e-m+fp/hard\libg_nano.a(libc_a-reent.o)
 .debug_info    0x0000ddaa      0x715 C:/Users/pc/AppData/Local/stm32cube/bundles/gnu-tools-for-stm32/14.3.1+st.2/bin/../lib/gcc/arm-none-eabi/14.3.1/../../../../arm-none-eabi/lib/thumb/v7e-m+fp/hard\libg_nano.a(libc_a-impure.o)
 .debug_info    0x0000e4bf      0x7a8 C:/Users/pc/AppData/Local/stm32cube/bundles/gnu-tools-for-stm32/14.3.1+st.2/bin/../lib/gcc/arm-none-eabi/14.3.1/../../../../arm-none-eabi/lib/thumb/v7e-m+fp/hard\libg_nano.a(libc_a-lseekr.o)
 .debug_info    0x0000ec67      0x7bf C:/Users/pc/AppData/Local/stm32cube/bundles/gnu-tools-for-stm32/14.3.1+st.2/bin/../lib/gcc/arm-none-eabi/14.3.1/../../../../arm-none-eabi/lib/thumb/v7e-m+fp/hard\libg_nano.a(libc_a-readr.o)
 .debug_info    0x0000f426      0x7c5 C:/Users/pc/AppData/Local/stm32cube/bundles/gnu-tools-for-stm32/14.3.1+st.2/bin/../lib/gcc/arm-none-eabi/14.3.1/../../../../arm-none-eabi/lib/thumb/v7e-m+fp/hard\libg_nano.a(libc_a-writer.o)
 .debug_info    0x0000fbeb      0x6fb C:/Users/pc/AppData/Local/stm32cube/bundles/gnu-tools-for-stm32/14.3.1+st.2/bin/../lib/gcc/arm-none-eabi/14.3.1/../../../../arm-none-eabi/lib/thumb/v7e-m+fp/hard\libg_nano.a(libc_a-errno.o)
 .debug_info    0x000102e6      0x10b C:/Users/pc/AppData/Local/stm32cube/bundles/gnu-tools-for-stm32/14.3.1+st.2/bin/../lib/gcc/arm-none-eabi/14.3.1/../../../../arm-none-eabi/lib/thumb/v7e-m+fp/hard\libg_nano.a(libc_a-init.o)
 .debug_info    0x000103f1      0x218 C:/Users/pc/AppData/Local/stm32cube/bundles/gnu-tools-for-stm32/14.3.1+st.2/bin/../lib/gcc/arm-none-eabi/14.3.1/../../../../arm-none-eabi/lib/thumb/v7e-m+fp/hard\libg_nano.a(libc_a-lock.o)
 .debug_info    0x00010609      0x851 C:/Users/pc/AppData/Local/stm32cube/bundles/gnu-tools-for-stm32/14.3.1+st.2/bin/../lib/gcc/arm-none-eabi/14.3.1/../../../../arm-none-eabi/lib/thumb/v7e-m+fp/hard\libg_nano.a(libc_a-freer.o)
 .debug_info    0x00010e5a      0x9bc C:/Users/pc/AppData/Local/stm32cube/bundles/gnu-tools-for-stm32/14.3.1+st.2/bin/../lib/gcc/arm-none-eabi/14.3.1/../../../../arm-none-eabi/lib/thumb/v7e-m+fp/hard\libg_nano.a(libc_a-mallocr.o)
 .debug_info    0x00011816      0x76b C:/Users/pc/AppData/Local/stm32cube/bundles/gnu-tools-for-stm32/14.3.1+st.2/bin/../lib/gcc/arm-none-eabi/14.3.1/../../../../arm-none-eabi/lib/thumb/v7e-m+fp/hard\libg_nano.a(libc_a-mlock.o)
 .debug_info    0x00011f81     0x1094 C:/Users/pc/AppData/Local/stm32cube/bundles/gnu-tools-for-stm32/14.3.1+st.2/bin/../lib/gcc/arm-none-eabi/14.3.1/../../../../arm-none-eabi/lib/thumb/v7e-m+fp/hard\libg_nano.a(libc_a-nano-vfprintf.o)
 .debug_info    0x00013015      0xde2 C:/Users/pc/AppData/Local/stm32cube/bundles/gnu-tools-for-stm32/14.3.1+st.2/bin/../lib/gcc/arm-none-eabi/14.3.1/../../../../arm-none-eabi/lib/thumb/v7e-m+fp/hard\libg_nano.a(libc_a-nano-vfprintf_i.o)
 .debug_info    0x00013df7      0x9f2 C:/Users/pc/AppData/Local/stm32cube/bundles/gnu-tools-for-stm32/14.3.1+st.2/bin/../lib/gcc/arm-none-eabi/14.3.1/../../../../arm-none-eabi/lib/thumb/v7e-m+fp/hard\libg_nano.a(libc_a-fflush.o)
 .debug_info    0x000147e9      0x874 C:/Users/pc/AppData/Local/stm32cube/bundles/gnu-tools-for-stm32/14.3.1+st.2/bin/../lib/gcc/arm-none-eabi/14.3.1/../../../../arm-none-eabi/lib/thumb/v7e-m+fp/hard\libg_nano.a(libc_a-wbuf.o)
 .debug_info    0x0001505d      0x7bb C:/Users/pc/AppData/Local/stm32cube/bundles/gnu-tools-for-stm32/14.3.1+st.2/bin/../lib/gcc/arm-none-eabi/14.3.1/../../../../arm-none-eabi/lib/thumb/v7e-m+fp/hard\libg_nano.a(libc_a-wsetup.o)
 .debug_info    0x00015818      0x782 C:/Users/pc/AppData/Local/stm32cube/bundles/gnu-tools-for-stm32/14.3.1+st.2/bin/../lib/gcc/arm-none-eabi/14.3.1/../../../../arm-none-eabi/lib/thumb/v7e-m+fp/hard\libg_nano.a(libc_a-sbrkr.o)
 .debug_info    0x00015f9a       0x25 C:/Users/pc/AppData/Local/stm32cube/bundles/gnu-tools-for-stm32/14.3.1+st.2/bin/../lib/gcc/arm-none-eabi/14.3.1/../../../../arm-none-eabi/lib/thumb/v7e-m+fp/hard\libg_nano.a(libc_a-memchr.o)
 .debug_info    0x00015fbf      0xb15 C:/Users/pc/AppData/Local/stm32cube/bundles/gnu-tools-for-stm32/14.3.1+st.2/bin/../lib/gcc/arm-none-eabi/14.3.1/../../../../arm-none-eabi/lib/thumb/v7e-m+fp/hard\libg_nano.a(libc_a-makebuf.o)
 .debug_info    0x00016ad4      0x981 C:/Users/pc/AppData/Local/stm32cube/bundles/gnu-tools-for-stm32/14.3.1+st.2/bin/../lib/gcc/arm-none-eabi/14.3.1/../../../../arm-none-eabi/lib/thumb/v7e-m+fp/hard\libg_nano.a(libc_a-fstatr.o)
 .debug_info    0x00017455      0x75d C:/Users/pc/AppData/Local/stm32cube/bundles/gnu-tools-for-stm32/14.3.1+st.2/bin/../lib/gcc/arm-none-eabi/14.3.1/../../../../arm-none-eabi/lib/thumb/v7e-m+fp/hard\libg_nano.a(libc_a-isattyr.o)

.debug_abbrev   0x00000000     0x572e
 .debug_abbrev  0x00000000      0x11a cmake/stm32cubemx/CMakeFiles/STM32_Drivers.dir/__/__/Core/Src/system_stm32f4xx.c.obj
 .debug_abbrev  0x0000011a      0x1fa cmake/stm32cubemx/CMakeFiles/STM32_Drivers.dir/__/__/Drivers/STM32F4xx_HAL_Driver/Src/stm32f4xx_hal_dac.c.obj
 .debug_abbrev  0x00000314      0x2b7 cmake/stm32cubemx/CMakeFiles/STM32_Drivers.dir/__/__/Drivers/STM32F4xx_HAL_Driver/Src/stm32f4xx_hal_rcc.c.obj
 .debug_abbrev  0x000005cb      0x1d4 cmake/stm32cubemx/CMakeFiles/STM32_Drivers.dir/__/__/Drivers/STM32F4xx_HAL_Driver/Src/stm32f4xx_hal_gpio.c.obj
 .debug_abbrev  0x0000079f      0x31d cmake/stm32cubemx/CMakeFiles/STM32_Drivers.dir/__/__/Drivers/STM32F4xx_HAL_Driver/Src/stm32f4xx_hal_cortex.c.obj
 .debug_abbrev  0x00000abc      0x214 cmake/stm32cubemx/CMakeFiles/STM32_Drivers.dir/__/__/Drivers/STM32F4xx_HAL_Driver/Src/stm32f4xx_hal.c.obj
 .debug_abbrev  0x00000cd0      0x1ab cmake/stm32cubemx/CMakeFiles/STM32_Drivers.dir/__/__/Drivers/STM32F4xx_HAL_Driver/Src/stm32f4xx_ll_fsmc.c.obj
 .debug_abbrev  0x00000e7b      0x1f3 cmake/stm32cubemx/CMakeFiles/STM32_Drivers.dir/__/__/Drivers/STM32F4xx_HAL_Driver/Src/stm32f4xx_hal_sram.c.obj
 .debug_abbrev  0x0000106e      0x37a CMakeFiles/chengkongfangdaqi.dir/Core/Src/main.c.obj
 .debug_abbrev  0x000013e8      0x135 CMakeFiles/chengkongfangdaqi.dir/Core/Src/gpio.c.obj
 .debug_abbrev  0x0000151d      0x1fa CMakeFiles/chengkongfangdaqi.dir/Core/Src/dac.c.obj
 .debug_abbrev  0x00001717      0x212 CMakeFiles/chengkongfangdaqi.dir/Core/Src/fsmc.c.obj
 .debug_abbrev  0x00001929       0x73 CMakeFiles/chengkongfangdaqi.dir/Core/Src/stm32f4xx_it.c.obj
 .debug_abbrev  0x0000199c       0xd8 CMakeFiles/chengkongfangdaqi.dir/Core/Src/stm32f4xx_hal_msp.c.obj
 .debug_abbrev  0x00001a74       0xbc CMakeFiles/chengkongfangdaqi.dir/Core/Src/sysmem.c.obj
 .debug_abbrev  0x00001b30      0x1bc CMakeFiles/chengkongfangdaqi.dir/Core/Src/syscalls.c.obj